SUNWdtab app-defaults
SUNWdtab AppBuilder.sdl
SUNWdtab bin
SUNWdtab Desktop_Apps
SUNWdtab Dtappbuild
SUNWdtab Dtbuilder
SUNWdtab dtbuilder.cat
SUNWdtab dtbuilder.dt
SUNWdtab dtcodegen
SUNWdtab dtcodegen.cat
SUNWdtab lib
SUNWdtab msg
SUNWdtab usr/dt
SUNWdtab usr/dt/app-defaults/C
SUNWdtab usr/dt/app-defaults/de_DE.UTF-8
SUNWdtab usr/dt/app-defaults/es_ES.UTF-8
SUNWdtab usr/dt/app-defaults/fr_FR.UTF-8
SUNWdtab usr/dt/app-defaults/it_IT.UTF-8
SUNWdtab usr/dt/appconfig
SUNWdtab usr/dt/appconfig/appmanager
SUNWdtab usr/dt/appconfig/appmanager/C
SUNWdtab usr/dt/appconfig/appmanager/de_DE.UTF-8
SUNWdtab usr/dt/appconfig/appmanager/es_ES.UTF-8
SUNWdtab usr/dt/appconfig/appmanager/fr_FR.UTF-8
SUNWdtab usr/dt/appconfig/appmanager/it_IT.UTF-8
SUNWdtab usr/dt/appconfig/help
SUNWdtab usr/dt/appconfig/help/C
SUNWdtab usr/dt/appconfig/help/C/graphics
SUNWdtab usr/dt/appconfig/help/de_DE.UTF-8
SUNWdtab usr/dt/appconfig/help/de_DE.UTF-8/graphics
SUNWdtab usr/dt/appconfig/help/es_ES.UTF-8
SUNWdtab usr/dt/appconfig/help/es_ES.UTF-8/graphics
SUNWdtab usr/dt/appconfig/help/fr_FR.UTF-8
SUNWdtab usr/dt/appconfig/help/fr_FR.UTF-8/graphics
SUNWdtab usr/dt/appconfig/help/it_IT.UTF-8
SUNWdtab usr/dt/appconfig/help/it_IT.UTF-8/graphics
SUNWdtab usr/dt/appconfig/types
SUNWdtab usr/dt/appconfig/types/C
SUNWdtab usr/dt/appconfig/types/de_DE.UTF-8
SUNWdtab usr/dt/appconfig/types/es_ES.UTF-8
SUNWdtab usr/dt/appconfig/types/fr_FR.UTF-8
SUNWdtab usr/dt/appconfig/types/it_IT.UTF-8
SUNWdtab usr/dt/bin/dtbuilder
SUNWdtab usr/dt/lib/nls
SUNWdtab usr/dt/lib/nls/msg/C
SUNWdtab usr/dt/lib/nls/msg/de_DE.UTF-8
SUNWdtab usr/dt/lib/nls/msg/es_ES.UTF-8
SUNWdtab usr/dt/lib/nls/msg/fr_FR.UTF-8
SUNWdtab usr/dt/lib/nls/msg/it_IT.UTF-8
SUNWdtbas CDE.lcx
SUNWdtbas CONTRIBUTORS
SUNWdtbas COPYING
SUNWdtbas copyright
SUNWdtbas dt.cat
SUNWdtbas dtaddcpf
SUNWdtbas dtappintegrate
SUNWdtbas dtbdftocpf
SUNWdtbas dtcpftobdf
SUNWdtbas dtcpftogpf
SUNWdtbas dtcpgpf
SUNWdtbas dtdbcache
SUNWdtbas dtexec
SUNWdtbas DtFuncs.dtsh
SUNWdtbas dtgpftobdf
SUNWdtbas dtgpftocpf
SUNWdtbas DtHelp.cat
SUNWdtbas dthelpprint
SUNWdtbas Dthelpprint
SUNWdtbas dthelpprint.cat
SUNWdtbas dthelpprint.sh
SUNWdtbas dtimsstart
SUNWdtbas dtimsstart.cat
SUNWdtbas dtinfo
SUNWdtbas dtinfo_start.cat
SUNWdtbas dtinfo.cat
SUNWdtbas dtinfogen
SUNWdtbas Dtksh
SUNWdtbas dtlp
SUNWdtbas dtlsgpf
SUNWdtbas dtmailopts.cat
SUNWdtbas dtopen
SUNWdtbas dtopen_image
SUNWdtbas dtopen_pdf
SUNWdtbas dtopen_ps
SUNWdtbas dtopen_video
SUNWdtbas dtpdm
SUNWdtbas dtpdm.cat
SUNWdtbas dtpdmd
SUNWdtbas dtpdmd.cat
SUNWdtbas DtPrint.cat
SUNWdtbas dtsearch.cat
SUNWdtbas dtsrclean
SUNWdtbas dtsrcreate
SUNWdtbas dtsrdbrec
SUNWdtbas dtsrdelete
SUNWdtbas dtsrhan
SUNWdtbas dtsrindex
SUNWdtbas dtsrkdump
SUNWdtbas dtsrload
SUNWdtbas dtudcexch
SUNWdtbas dtudcexch.cat
SUNWdtbas dtudcfonted
SUNWdtbas dtudcfonted.cat
SUNWdtbas DtWidget.cat
SUNWdtbas fmt_tbl.cat
SUNWdtbas Help4Help.sdl
SUNWdtbas huffcode
SUNWdtbas libcsa.so.2.1
SUNWdtbas libdtcm.cat
SUNWdtbas libDtHelp.so.1
SUNWdtbas libDtHelp.so.2.1
SUNWdtbas libDtMail.cat
SUNWdtbas libDtMmdb.so.2.1
SUNWdtbas libDtMrm.so.2.1
SUNWdtbas libDtPrint.so.2.1
SUNWdtbas libDtSearch.so.2.1
SUNWdtbas libDtSvc.so.1
SUNWdtbas libDtSvc.so.2.1
SUNWdtbas libDtTerm.so.1
SUNWdtbas libDtTerm.so.2.1
SUNWdtbas libDtWidget.so.1
SUNWdtbas libDtWidget.so.2.1
SUNWdtbas MotifApp.cat
SUNWdtbas Mrm.cat
SUNWdtbas suid_exec
SUNWdtbas SunOS.lcx
SUNWdtbas svc
SUNWdtbas ttsnoop
SUNWdtbas Uil.cat
SUNWdtbas usr/dt/app-defaults/C/Dt
SUNWdtbas usr/dt/app-defaults/C/Dtterm
SUNWdtbas usr/dt/app-defaults/de_DE.UTF-8/Dt
SUNWdtbas usr/dt/app-defaults/de_DE.UTF-8/Dtterm
SUNWdtbas usr/dt/app-defaults/es_ES.UTF-8/Dt
SUNWdtbas usr/dt/app-defaults/es_ES.UTF-8/Dtterm
SUNWdtbas usr/dt/app-defaults/fr_FR.UTF-8/Dt
SUNWdtbas usr/dt/app-defaults/fr_FR.UTF-8/Dtterm
SUNWdtbas usr/dt/app-defaults/it_IT.UTF-8/Dt
SUNWdtbas usr/dt/app-defaults/it_IT.UTF-8/Dtterm
SUNWdtbas usr/dt/appconfig/help/C/graphics/cauticon.pm
SUNWdtbas usr/dt/appconfig/help/C/graphics/noteicon.pm
SUNWdtbas usr/dt/appconfig/help/C/graphics/warnicon.pm
SUNWdtbas usr/dt/appconfig/help/de_DE.UTF-8/graphics/cauticon.pm
SUNWdtbas usr/dt/appconfig/help/de_DE.UTF-8/graphics/noteicon.pm
SUNWdtbas usr/dt/appconfig/help/de_DE.UTF-8/graphics/warnicon.pm
SUNWdtbas usr/dt/appconfig/help/es_ES.UTF-8/graphics/cauticon.pm
SUNWdtbas usr/dt/appconfig/help/es_ES.UTF-8/graphics/noteicon.pm
SUNWdtbas usr/dt/appconfig/help/es_ES.UTF-8/graphics/warnicon.pm
SUNWdtbas usr/dt/appconfig/help/fr_FR.UTF-8/graphics/cauticon.pm
SUNWdtbas usr/dt/appconfig/help/fr_FR.UTF-8/graphics/noteicon.pm
SUNWdtbas usr/dt/appconfig/help/fr_FR.UTF-8/graphics/warnicon.pm
SUNWdtbas usr/dt/appconfig/help/it_IT.UTF-8/graphics/cauticon.pm
SUNWdtbas usr/dt/appconfig/help/it_IT.UTF-8/graphics/noteicon.pm
SUNWdtbas usr/dt/appconfig/help/it_IT.UTF-8/graphics/warnicon.pm
SUNWdtbas usr/dt/bin/dtaction
SUNWdtbas usr/dt/bin/dtdocbook
SUNWdtbas usr/dt/bin/dtksh
SUNWdtbas usr/dt/bin/dtterm
SUNWdtbas usr/dt/config
SUNWdtbas usr/dt/lib/dtksh
SUNWdtct man1
SUNWdtct share
SUNWdtct usr/dt/appconfig/icons
SUNWdtct usr/dt/appconfig/icons/C
SUNWdtct usr/dt/share/man
SUNWdtdem about_box.bil
SUNWdtdem actions.c
SUNWdtdem attributes.c
SUNWdtdem broadcast.c
SUNWdtdem buff.c
SUNWdtdem buff.h
SUNWdtdem CallbackTest2
SUNWdtdem CallDataTest4
SUNWdtdem controls.c
SUNWdtdem crMovesText1
SUNWdtdem datatyping.c
SUNWdtdem default_brush.bm
SUNWdtdem demo.c
SUNWdtdem demo.h
SUNWdtdem dtcalendar
SUNWdtdem DtCursorTest2
SUNWdtdem dtdnd
SUNWdtdem Dtdnddemo
SUNWdtdem dtdts
SUNWdtdem dtwidget
SUNWdtdem dtwsm
SUNWdtdem DtWsTest1
SUNWdtdem editor.c
SUNWdtdem EventHandlerTest
SUNWdtdem example.template
SUNWdtdem examples
SUNWdtdem file.c
SUNWdtdem file.h
SUNWdtdem icon.c
SUNWdtdem icon.h
SUNWdtdem ksh93.memo
SUNWdtdem ListBounds1
SUNWdtdem ListItemPos1
SUNWdtdem ListPosSel1
SUNWdtdem miscImages.dt
SUNWdtdem occupy.c
SUNWdtdem PopupTest
SUNWdtdem screensaver.c
SUNWdtdem screensaver.dt
SUNWdtdem SelBoxResTest
SUNWdtdem session.c
SUNWdtdem SessionTest
SUNWdtdem sys.font.iso
SUNWdtdem template
SUNWdtdem template_icon_m.bm
SUNWdtdem template_icon.pm
SUNWdtdem template-brush.bm
SUNWdtdem Template.ad
SUNWdtdem template.c
SUNWdtdem template.dt
SUNWdtdem template.htg
SUNWdtdem template.l.bm
SUNWdtdem template.l.pm
SUNWdtdem template.m.bm
SUNWdtdem template.m.pm
SUNWdtdem template.msg
SUNWdtdem template.ptype
SUNWdtdem template.s.bm
SUNWdtdem template.s.pm
SUNWdtdem template.t.bm
SUNWdtdem template.t.pm
SUNWdtdem TemplateNew
SUNWdtdem TemplateOpen
SUNWdtdem TemplatePrint
SUNWdtdem term.c
SUNWdtdem text.c
SUNWdtdem text.h
SUNWdtdem TextCutBuf1
SUNWdtdem TextDisp1
SUNWdtdem TextFXYPos1
SUNWdtdem TransEventTest
SUNWdtdem TransTest1
SUNWdtdem tt
SUNWdtdem usr/dt/share/examples/dtaction
SUNWdtdem usr/dt/share/examples/dtaction/Makefile.HP
SUNWdtdem usr/dt/share/examples/dtaction/Makefile.IBM
SUNWdtdem usr/dt/share/examples/dtaction/Makefile.SUN
SUNWdtdem usr/dt/share/examples/dtaction/README
SUNWdtdem usr/dt/share/examples/dtbuilder
SUNWdtdem usr/dt/share/examples/dtbuilder/README
SUNWdtdem usr/dt/share/examples/dtcalendar/Makefile.HP
SUNWdtdem usr/dt/share/examples/dtcalendar/Makefile.IBM
SUNWdtdem usr/dt/share/examples/dtcalendar/Makefile.SUN
SUNWdtdem usr/dt/share/examples/dtcalendar/README
SUNWdtdem usr/dt/share/examples/dtdnd/Makefile.HP
SUNWdtdem usr/dt/share/examples/dtdnd/Makefile.IBM
SUNWdtdem usr/dt/share/examples/dtdnd/Makefile.SUN
SUNWdtdem usr/dt/share/examples/dtdnd/README
SUNWdtdem usr/dt/share/examples/dtdts/Makefile.HP
SUNWdtdem usr/dt/share/examples/dtdts/Makefile.IBM
SUNWdtdem usr/dt/share/examples/dtdts/Makefile.SUN
SUNWdtdem usr/dt/share/examples/dtdts/README
SUNWdtdem usr/dt/share/examples/dtksh
SUNWdtdem usr/dt/share/examples/dtscreen
SUNWdtdem usr/dt/share/examples/dtscreen/dt
SUNWdtdem usr/dt/share/examples/dtscreen/dt/appconfig
SUNWdtdem usr/dt/share/examples/dtscreen/dt/appconfig/types
SUNWdtdem usr/dt/share/examples/dtscreen/dt/appconfig/types/C
SUNWdtdem usr/dt/share/examples/dtscreen/Makefile.HP
SUNWdtdem usr/dt/share/examples/dtscreen/Makefile.IBM
SUNWdtdem usr/dt/share/examples/dtscreen/Makefile.SUN
SUNWdtdem usr/dt/share/examples/dtscreen/README
SUNWdtdem usr/dt/share/examples/dtsession
SUNWdtdem usr/dt/share/examples/dtsession/Makefile.HP
SUNWdtdem usr/dt/share/examples/dtsession/Makefile.IBM
SUNWdtdem usr/dt/share/examples/dtsession/Makefile.SUN
SUNWdtdem usr/dt/share/examples/dtsession/README
SUNWdtdem usr/dt/share/examples/dtterm
SUNWdtdem usr/dt/share/examples/dtterm/Makefile.HP
SUNWdtdem usr/dt/share/examples/dtterm/Makefile.IBM
SUNWdtdem usr/dt/share/examples/dtterm/Makefile.SUN
SUNWdtdem usr/dt/share/examples/dtterm/README
SUNWdtdem usr/dt/share/examples/dtwidget/Makefile.HP
SUNWdtdem usr/dt/share/examples/dtwidget/Makefile.IBM
SUNWdtdem usr/dt/share/examples/dtwidget/Makefile.SUN
SUNWdtdem usr/dt/share/examples/dtwidget/README
SUNWdtdem usr/dt/share/examples/dtwsm/Makefile.HP
SUNWdtdem usr/dt/share/examples/dtwsm/Makefile.IBM
SUNWdtdem usr/dt/share/examples/dtwsm/Makefile.SUN
SUNWdtdem usr/dt/share/examples/dtwsm/README
SUNWdtdem usr/dt/share/examples/README
SUNWdtdem usr/dt/share/examples/template/C
SUNWdtdem usr/dt/share/examples/template/C/README
SUNWdtdem usr/dt/share/examples/template/Makefile.HP
SUNWdtdem usr/dt/share/examples/template/Makefile.IBM
SUNWdtdem usr/dt/share/examples/template/Makefile.SUN
SUNWdtdem usr/dt/share/examples/template/README
SUNWdtdem usr/dt/share/examples/tt/Makefile.HP
SUNWdtdem usr/dt/share/examples/tt/Makefile.IBM
SUNWdtdem usr/dt/share/examples/tt/Makefile.SUN
SUNWdtdem usr/dt/share/examples/tt/README
SUNWdtdem WorkProcTest1
SUNWdtdem wsinfo.c
SUNWdtdem XdrawTest
SUNWdtdmn dtspcd
SUNWdtdmn dtspcdenv
SUNWdtdmn rpc.cmsd
SUNWdtdst dtappman.dt
SUNWdtdst dtcalc
SUNWdtdst Dtcalc
SUNWdtdst dtcalc.cat
SUNWdtdst dtcm
SUNWdtdst Dtcm
SUNWdtdst dtcm_delete
SUNWdtdst dtcm_editor
SUNWdtdst dtcm_insert
SUNWdtdst dtcm_lookup
SUNWdtdst dtcm.cat
SUNWdtdst dtcm.dt
SUNWdtdst dtcopy.cat
SUNWdtdst dtfile
SUNWdtdst Dtfile
SUNWdtdst dtfile_copy
SUNWdtdst dtfile_error
SUNWdtdst dtfile.cat
SUNWdtdst dtfile.dt
SUNWdtdst dticon
SUNWdtdst Dticon
SUNWdtdst dticon.cat
SUNWdtdst dtmail
SUNWdtdst Dtmail
SUNWdtdst DtMail.cat
SUNWdtdst dtmail.dt
SUNWdtdst dtmailpr
SUNWdtdst dtpad
SUNWdtdst Dtpad
SUNWdtdst dtpad.cat
SUNWdtdst dtpad.dt
SUNWdtdst dtprintinfo
SUNWdtdst Dtprintinfo
SUNWdtdst dtprintinfo.cat
SUNWdtdst DtPrintManager
SUNWdtdst dtstyle
SUNWdtdst Dtstyle
SUNWdtdst dtstyle.cat
SUNWdtdst Information
SUNWdtdst libcsa.so.0
SUNWdtdst usr/dt/config/C
SUNWdtdst usr/dt/config/de_DE.UTF-8
SUNWdtdst usr/dt/config/es_ES.UTF-8
SUNWdtdst usr/dt/config/fr_FR.UTF-8
SUNWdtdst usr/dt/config/it_IT.UTF-8
SUNWdtdte 0010.dtpaths
SUNWdtdte 0020.dtims
SUNWdtdte 0030.dttmpdir
SUNWdtdte 0060.dtsysenv
SUNWdtdte 0100.session
SUNWdtdte 0120.session
SUNWdtdte 0140.session
SUNWdtdte 0160.session
SUNWdtdte acroread
SUNWdtdte acroread.dt
SUNWdtdte acroread.l.pm
SUNWdtdte acroread.m.pm
SUNWdtdte acroread.t.pm
SUNWdtdte amarok
SUNWdtdte amarok.dt
SUNWdtdte amarok.l.pm
SUNWdtdte amarok.m.pm
SUNWdtdte amarok.t.pm
SUNWdtdte autoStart.dt
SUNWdtdte Bitmap
SUNWdtdte bomb
SUNWdtdte bomb16
SUNWdtdte bomb16m
SUNWdtdte bomb32
SUNWdtdte bomb32m
SUNWdtdte bombm
SUNWdtdte brasero
SUNWdtdte brasero.dt
SUNWdtdte brasero.l.pm
SUNWdtdte brasero.m.pm
SUNWdtdte brasero.t.pm
SUNWdtdte browse_ins.xbm
SUNWdtdte browse.xbm
SUNWdtdte caja
SUNWdtdte caja.dt
SUNWdtdte caja.l.pm
SUNWdtdte caja.m.pm
SUNWdtdte caja.t.pm
SUNWdtdte camera.l.pm
SUNWdtdte camera.m.pm
SUNWdtdte camera.t.pm
SUNWdtdte chrome.l.pm
SUNWdtdte chrome.m.pm
SUNWdtdte chrome.t.pm
SUNWdtdte chromium
SUNWdtdte chromium.dt
SUNWdtdte CodeGen
SUNWdtdte Compress
SUNWdtdte datatypes.dt
SUNWdtdte de_DE.ISO8859-1
SUNWdtdte default.xpm
SUNWdtdte deiconify.xbm
SUNWdtdte Desktop_Tools
SUNWdtdte detached.xpm
SUNWdtdte develop.dt
SUNWdtdte Df
SUNWdtdte dia.l.pm
SUNWdtdte dia.m.pm
SUNWdtdte dia.t.pm
SUNWdtdte Diff
SUNWdtdte DisplayImage.dt
SUNWdtdte DisplayPDF.dt
SUNWdtdte DisplayPS.dt
SUNWdtdte DisplayVideo.dt
SUNWdtdte dreamchess
SUNWdtdte dreamchess.dt
SUNWdtdte dreamchess.l.pm
SUNWdtdte dreamchess.m.pm
SUNWdtdte dreamchess.t.pm
SUNWdtdte dsdm
SUNWdtdte dt.dt
SUNWdtdte dtact.cat
SUNWdtdte Dtadskt.l_m.bm
SUNWdtdte Dtadskt.l.bm
SUNWdtdte Dtainfo.l_m.bm
SUNWdtdte Dtainfo.l.bm
SUNWdtdte dtappgather
SUNWdtdte Dtapplications-multimedia.l.pm
SUNWdtdte Dtapplications-multimedia.m.pm
SUNWdtdte Dtapplications-multimedia.t.pm
SUNWdtdte Dtasys.l_m.bm
SUNWdtdte Dtasys.l.bm
SUNWdtdte Dtautil.l_m.bm
SUNWdtdte Dtautil.l.bm
SUNWdtdte Dtbmark.l_m.bm
SUNWdtdte Dtbmark.l.bm
SUNWdtdte Dtbmark.l.pm
SUNWdtdte Dtbmark.m.pm
SUNWdtdte Dtbmarki.m.pm
SUNWdtdte Dtbooklst.m.pm
SUNWdtdte dtchooser
SUNWdtdte dtconfig
SUNWdtdte dtconfig.cat
SUNWdtdte dtcreate
SUNWdtdte Dtcreate
SUNWdtdte dtcreate.cat
SUNWdtdte dtdspmsg
SUNWdtdte Dteditqry.l.bm
SUNWdtdte Dteditqry.l.pm
SUNWdtdte Dteditqry.m.pm
SUNWdtdte Dteditqryi.m.pm
SUNWdtdte DtEducation.l.pm
SUNWdtdte DtEducation.m.pm
SUNWdtdte DtEducation.t.pm
SUNWdtdte dterror.ds
SUNWdtdte dtfile.config
SUNWdtdte DtGamesCards.l.pm
SUNWdtdte DtGamesCards.m.pm
SUNWdtdte DtGamesCards.t.pm
SUNWdtdte DtGraphics.l.pm
SUNWdtdte DtGraphics.m.pm
SUNWdtdte DtGraphics.t.pm
SUNWdtdte Dtgraphmap.l_m.bm
SUNWdtdte Dtgraphmap.l.bm
SUNWdtdte Dtgraphmap.l.pm
SUNWdtdte Dtgraphmap.m_m.bm
SUNWdtdte Dtgraphmap.m.pm
SUNWdtdte dtgreet
SUNWdtdte dthello
SUNWdtdte Dthello
SUNWdtdte dthello.cat
SUNWdtdte dthelpprint.dt
SUNWdtdte Dthist.l_m.bm
SUNWdtdte Dthist.l.bm
SUNWdtdte Dthist.l.pm
SUNWdtdte Dthistnext.m.pm
SUNWdtdte Dthistnexti.m.pm
SUNWdtdte Dthistprev.m.pm
SUNWdtdte Dthistprevi.m.pm
SUNWdtdte DtI18N_m.bm
SUNWdtdte DtI18N.bm
SUNWdtdte DtI18N.pm
SUNWdtdte dtims.dt
SUNWdtdte DtImsMode
SUNWdtdte Dtimsstart
SUNWdtdte Dtinfbc.t_m.bm
SUNWdtdte Dtinfbc.t.bm
SUNWdtdte Dtinfbc.t.pm
SUNWdtdte Dtinfo
SUNWdtdte dtinfo.dt
SUNWdtdte Dtinfo.l.bm
SUNWdtdte Dtinfo.l.pm
SUNWdtdte Dtinfo.m.bm
SUNWdtdte Dtinfo.m.pm
SUNWdtdte dtinfo.pcf.Z
SUNWdtdte Dtinfo.t.bm
SUNWdtdte Dtinfo.t.pm
SUNWdtdte Dtinfoadd.m.pm
SUNWdtdte Dtinfoaddi.m.pm
SUNWdtdte Dtinfopr.m.pm
SUNWdtdte Dtinfopri.m.pm
SUNWdtdte Dtinfosub.m.pm
SUNWdtdte Dtinfosubi.m.pm
SUNWdtdte Dtinfsc.t_m.bm
SUNWdtdte Dtinfsc.t.bm
SUNWdtdte Dtinfsc.t.pm
SUNWdtdte Dtinlib.m_m.bm
SUNWdtdte Dtinlib.m.bm
SUNWdtdte Dtinlib.m.pm
SUNWdtdte Dtinlib.t_m.bm
SUNWdtdte Dtinlib.t.bm
SUNWdtdte Dtinlib.t.pm
SUNWdtdte dtksh.cat
SUNWdtdte DtLoadInfoLib
SUNWdtdte dtlogin
SUNWdtdte Dtlogin
SUNWdtdte dtlogin.cat
SUNWdtdte dtlogin.rc
SUNWdtdte dtlogin.xml
SUNWdtdte Dtlogo.pm
SUNWdtdte dtlp.cat
SUNWdtdte DtOffice.l.pm
SUNWdtdte DtOffice.m.pm
SUNWdtdte DtOffice.t.pm
SUNWdtdte Dtscope_editor.l.pm
SUNWdtdte Dtscope_editor.m.pm
SUNWdtdte Dtscreen
SUNWdtdte dtscreen.cat
SUNWdtdte dtsearchpath
SUNWdtdte Dtsectnext.m.pm
SUNWdtdte Dtsectprev.m.pm
SUNWdtdte Dtsession
SUNWdtdte Dtsrch.l_m.bm
SUNWdtdte Dtsrch.l.bm
SUNWdtdte Dtsrch.l.pm
SUNWdtdte Dtsrchnext.m.pm
SUNWdtdte Dtsrchnexti.m.pm
SUNWdtdte Dtsrchprev.m.pm
SUNWdtdte Dtsrchprevi.m.pm
SUNWdtdte DtSystem.l.pm
SUNWdtdte DtSystem.m.pm
SUNWdtdte DtSystem.t.pm
SUNWdtdte dtterm.cat
SUNWdtdte dtterm.ti
SUNWdtdte DttermConsole
SUNWdtdte DttermDtspcd
SUNWdtdte DttermErrorlog
SUNWdtdte DttermRlogin
SUNWdtdte Dttrash
SUNWdtdte dttypes
SUNWdtdte Dttypes
SUNWdtdte dttypes.cat
SUNWdtdte Dtudcfonted
SUNWdtdte Dtview.l_m.bm
SUNWdtdte Dtview.l.bm
SUNWdtdte Dtview.l.pm
SUNWdtdte Dtview.m.pm
SUNWdtdte Dtviewi.m.pm
SUNWdtdte DtwmrcEdit
SUNWdtdte DuSort
SUNWdtdte dvi.l.pm
SUNWdtdte dvi.m.pm
SUNWdtdte dvi.t.pm
SUNWdtdte eboard
SUNWdtdte eboard.dt
SUNWdtdte eboard.l.pm
SUNWdtdte eboard.m.pm
SUNWdtdte eboard.t.pm
SUNWdtdte Education
SUNWdtdte Education.dt
SUNWdtdte emacs
SUNWdtdte emacs.dt
SUNWdtdte emacs.l.pm
SUNWdtdte emacs.m.pm
SUNWdtdte emacs.t.pm
SUNWdtdte engrampa
SUNWdtdte engrampa.dt
SUNWdtdte engrampa.l.pm
SUNWdtdte engrampa.m.pm
SUNWdtdte engrampa.t.pm
SUNWdtdte Env
SUNWdtdte eom.l.pm
SUNWdtdte eom.m.pm
SUNWdtdte eom.t.pm
SUNWdtdte es_ES.ISO8859-1
SUNWdtdte etc/dt
SUNWdtdte etc/dt/appconfig
SUNWdtdte etc/dt/appconfig/appmanager
SUNWdtdte etc/dt/appconfig/appmanager/C
SUNWdtdte etc/dt/appconfig/help
SUNWdtdte etc/dt/appconfig/help/C
SUNWdtdte etc/dt/appconfig/icons
SUNWdtdte etc/dt/appconfig/icons/C
SUNWdtdte etc/dt/appconfig/types
SUNWdtdte etc/dt/appconfig/types/C
SUNWdtdte etc/dt/config
SUNWdtdte ExecuteCmd
SUNWdtdte f-spot.l.pm
SUNWdtdte f-spot.m.pm
SUNWdtdte f-spot.t.pm
SUNWdtdte File
SUNWdtdte file-roller
SUNWdtdte file-roller.dt
SUNWdtdte file-roller.l.pm
SUNWdtdte file-roller.m.pm
SUNWdtdte file-roller.t.pm
SUNWdtdte firefox
SUNWdtdte firefox.dt
SUNWdtdte firefox.l.pm
SUNWdtdte firefox.m.pm
SUNWdtdte firefox.t.pm
SUNWdtdte firestarter
SUNWdtdte firestarter.dt
SUNWdtdte firestarter.l.pm
SUNWdtdte firestarter.m.pm
SUNWdtdte firestarter.t.pm
SUNWdtdte fontforge
SUNWdtdte fontforge.dt
SUNWdtdte fontforge.l.pm
SUNWdtdte fontforge.m.pm
SUNWdtdte fontforge.t.pm
SUNWdtdte fonts.alias
SUNWdtdte fonts.dir
SUNWdtdte fonts.list
SUNWdtdte fr_FR.ISO8859-1
SUNWdtdte Games
SUNWdtdte Games.dt
SUNWdtdte gcompris
SUNWdtdte gcompris.dt
SUNWdtdte gcompris.l.pm
SUNWdtdte gcompris.m.pm
SUNWdtdte gcompris.t.pm
SUNWdtdte geogebra
SUNWdtdte geogebra.dt
SUNWdtdte geogebra.l.pm
SUNWdtdte geogebra.m.pm
SUNWdtdte geogebra.t.pm
SUNWdtdte gimp
SUNWdtdte gimp.dt
SUNWdtdte gimp.l.pm
SUNWdtdte gimp.m.pm
SUNWdtdte gimp.t.pm
SUNWdtdte Graphics
SUNWdtdte Graphics.dt
SUNWdtdte Grep
SUNWdtdte gscan2pdf.l.pm
SUNWdtdte gscan2pdf.m.pm
SUNWdtdte gscan2pdf.t.pm
SUNWdtdte gv
SUNWdtdte gv.dt
SUNWdtdte gv.l.pm
SUNWdtdte gv.m.pm
SUNWdtdte gv.t.pm
SUNWdtdte help_ins.xbm
SUNWdtdte help.xbm
SUNWdtdte history_ins.xbm
SUNWdtdte history.xbm
SUNWdtdte IconBrowse.dt
SUNWdtdte iconify.xbm
SUNWdtdte ims
SUNWdtdte inkscape
SUNWdtdte inkscape.dt
SUNWdtdte inkscape.l.pm
SUNWdtdte inkscape.m.pm
SUNWdtdte inkscape.t.pm
SUNWdtdte Internet
SUNWdtdte Internet.dt
SUNWdtdte it_IT.ISO8859-1
SUNWdtdte ja
SUNWdtdte japanese
SUNWdtdte k3b
SUNWdtdte k3b.dt
SUNWdtdte k3b.l.pm
SUNWdtdte k3b.m.pm
SUNWdtdte k3b.t.pm
SUNWdtdte k9copy
SUNWdtdte k9copy.dt
SUNWdtdte k9copy.l.pm
SUNWdtdte k9copy.m.pm
SUNWdtdte k9copy.t.pm
SUNWdtdte kile
SUNWdtdte kile.dt
SUNWdtdte kile.l.pm
SUNWdtdte kile.m.pm
SUNWdtdte kile.t.pm
SUNWdtdte ktuberling
SUNWdtdte ktuberling.dt
SUNWdtdte ktuberling.l.pm
SUNWdtdte ktuberling.m.pm
SUNWdtdte ktuberling.t.pm
SUNWdtdte landscap.pm
SUNWdtdte lbreakout2
SUNWdtdte lbreakout2.dt
SUNWdtdte lbreakout2.l.pm
SUNWdtdte lbreakout2.m.pm
SUNWdtdte lbreakout2.t.pm
SUNWdtdte lduplex.pm
SUNWdtdte libreoffice-base
SUNWdtdte libreoffice-base.dt
SUNWdtdte libreoffice-base.l.pm
SUNWdtdte libreoffice-base.m.pm
SUNWdtdte libreoffice-base.t.pm
SUNWdtdte libreoffice-calc
SUNWdtdte libreoffice-calc.dt
SUNWdtdte libreoffice-calc.l.pm
SUNWdtdte libreoffice-calc.m.pm
SUNWdtdte libreoffice-calc.t.pm
SUNWdtdte libreoffice-draw
SUNWdtdte libreoffice-draw.dt
SUNWdtdte libreoffice-draw.l.pm
SUNWdtdte libreoffice-draw.m.pm
SUNWdtdte libreoffice-draw.t.pm
SUNWdtdte libreoffice-impress
SUNWdtdte libreoffice-impress.dt
SUNWdtdte libreoffice-impress.l.pm
SUNWdtdte libreoffice-impress.m.pm
SUNWdtdte libreoffice-impress.t.pm
SUNWdtdte libreoffice-main
SUNWdtdte libreoffice-main.dt
SUNWdtdte libreoffice-main.l.pm
SUNWdtdte libreoffice-main.m.pm
SUNWdtdte libreoffice-main.t.pm
SUNWdtdte libreoffice-math
SUNWdtdte libreoffice-math.dt
SUNWdtdte libreoffice-math.l.pm
SUNWdtdte libreoffice-math.m.pm
SUNWdtdte libreoffice-math.t.pm
SUNWdtdte libreoffice-startcenter.l.pm
SUNWdtdte libreoffice-startcenter.m.pm
SUNWdtdte libreoffice-startcenter.t.pm
SUNWdtdte libreoffice-writer
SUNWdtdte libreoffice-writer.dt
SUNWdtdte libreoffice-writer.l.pm
SUNWdtdte libreoffice-writer.m.pm
SUNWdtdte libreoffice-writer.t.pm
SUNWdtdte locked.xbm
SUNWdtdte lsimplex.pm
SUNWdtdte ltumble.pm
SUNWdtdte Make
SUNWdtdte marks_ins.xbm
SUNWdtdte marks.xbm
SUNWdtdte Media_Tools
SUNWdtdte Media_Tools.dt
SUNWdtdte mgv
SUNWdtdte mgv.dt
SUNWdtdte mgv.l.pm
SUNWdtdte mgv.m.pm
SUNWdtdte mgv.pm
SUNWdtdte mgv.t.pm
SUNWdtdte miscActions.dt
SUNWdtdte mp3.l.pm
SUNWdtdte mp3.m.pm
SUNWdtdte mp3.t.pm
SUNWdtdte nedit
SUNWdtdte nedit.dt
SUNWdtdte nedit.l.pm
SUNWdtdte nedit.m.pm
SUNWdtdte nedit.t.pm
SUNWdtdte Nm
SUNWdtdte nxclient
SUNWdtdte nxclient-desktop.l.pm
SUNWdtdte nxclient-desktop.m.pm
SUNWdtdte nxclient-desktop.t.pm
SUNWdtdte nxclient-icon.l.pm
SUNWdtdte nxclient-icon.m.pm
SUNWdtdte nxclient.dt
SUNWdtdte Office
SUNWdtdte Office.dt
SUNWdtdte okular
SUNWdtdte okular.dt
SUNWdtdte okular.l.pm
SUNWdtdte okular.m.pm
SUNWdtdte okular.t.pm
SUNWdtdte OpenDtIntro
SUNWdtdte pavucontrol
SUNWdtdte pavucontrol.dt
SUNWdtdte pduplex.pm
SUNWdtdte pgadmin
SUNWdtdte pgadmin.dt
SUNWdtdte pgadmin3.l.pm
SUNWdtdte pgadmin3.m.pm
SUNWdtdte pgadmin3.t.pm
SUNWdtdte pinin.xbm
SUNWdtdte pinmid.xbm
SUNWdtdte pinout.xbm
SUNWdtdte portrait.pm
SUNWdtdte powermanga
SUNWdtdte powermanga.dt
SUNWdtdte powermanga.l.pm
SUNWdtdte powermanga.m.pm
SUNWdtdte powermanga.t.pm
SUNWdtdte print.dt
SUNWdtdte prolog.ps
SUNWdtdte psfonts
SUNWdtdte psimplex.pm
SUNWdtdte ptumble.pm
SUNWdtdte pychess
SUNWdtdte pychess.dt
SUNWdtdte pychess.l.pm
SUNWdtdte pychess.m.pm
SUNWdtdte pychess.t.pm
SUNWdtdte quit.xbm
SUNWdtdte ReloadActions
SUNWdtdte ReloadApps
SUNWdtdte ReloadResources
SUNWdtdte RestorePanel
SUNWdtdte rhythmbox
SUNWdtdte rhythmbox.dt
SUNWdtdte rhythmbox.l.pm
SUNWdtdte rhythmbox.m.pm
SUNWdtdte rhythmbox.t.pm
SUNWdtdte rlandsca.pm
SUNWdtdte Rm
SUNWdtdte rosegarden
SUNWdtdte rosegarden.dt
SUNWdtdte rosegarden.l.pm
SUNWdtdte rosegarden.m.pm
SUNWdtdte rosegarden.t.pm
SUNWdtdte rportrai.pm
SUNWdtdte SaveSession
SUNWdtdte search_ins.xbm
SUNWdtdte search.xbm
SUNWdtdte semilocked.xbm
SUNWdtdte shotwell.l.pm
SUNWdtdte shotwell.m.pm
SUNWdtdte shotwell.t.pm
SUNWdtdte skype
SUNWdtdte skype.dt
SUNWdtdte skype.l.pm
SUNWdtdte skype.m.pm
SUNWdtdte skype.t.pm
SUNWdtdte sound-juicer
SUNWdtdte sound-juicer.dt
SUNWdtdte sound-juicer.l.pm
SUNWdtdte sound-juicer.m.pm
SUNWdtdte sound-juicer.t.pm
SUNWdtdte Spell
SUNWdtdte start.conf
SUNWdtdte stellarium
SUNWdtdte stellarium.dt
SUNWdtdte stellarium.l.pm
SUNWdtdte stellarium.m.pm
SUNWdtdte stellarium.t.pm
SUNWdtdte supertux
SUNWdtdte supertux.dt
SUNWdtdte supertux.l.pm
SUNWdtdte supertux.m.pm
SUNWdtdte supertux.t.pm
SUNWdtdte synaptic
SUNWdtdte synaptic.dt
SUNWdtdte synaptic.l.pm
SUNWdtdte synaptic.m.pm
SUNWdtdte synaptic.t.pm
SUNWdtdte sys.dtprofile
SUNWdtdte sys.font
SUNWdtdte sys.pam.conf
SUNWdtdte sys.resources
SUNWdtdte sys.session
SUNWdtdte System
SUNWdtdte System_Admin
SUNWdtdte System.dt
SUNWdtdte Tar
SUNWdtdte TarList
SUNWdtdte TarUnpack
SUNWdtdte TeX
SUNWdtdte TeX.dt
SUNWdtdte TeXGroup.l.pm
SUNWdtdte TeXGroup.m.pm
SUNWdtdte TeXGroup.t.pm
SUNWdtdte thunderbird
SUNWdtdte thunderbird.dt
SUNWdtdte thunderbird.l.pm
SUNWdtdte thunderbird.m.pm
SUNWdtdte thunderbird.t.pm
SUNWdtdte tmp
SUNWdtdte Ttsnoop
SUNWdtdte tttypes
SUNWdtdte tuxpaint
SUNWdtdte tuxpaint.dt
SUNWdtdte tuxpaint.l.pm
SUNWdtdte tuxpaint.m.pm
SUNWdtdte tuxpaint.t.pm
SUNWdtdte types.xdr
SUNWdtdte Uncompress
SUNWdtdte UNIXbindings
SUNWdtdte unlocked.xbm
SUNWdtdte user-prefs.dt
SUNWdtdte usr/dt/appconfig/appmanager/C/Desktop_Apps/Dtterm
SUNWdtdte usr/dt/appconfig/appmanager/C/Information/README
SUNWdtdte usr/dt/appconfig/appmanager/C/System_Admin/README
SUNWdtdte usr/dt/appconfig/appmanager/de_DE.UTF-8/Desktop_Apps/Dtterm
SUNWdtdte usr/dt/appconfig/appmanager/es_ES.UTF-8/Desktop_Apps/Dtterm
SUNWdtdte usr/dt/appconfig/appmanager/fr_FR.UTF-8/Desktop_Apps/Dtterm
SUNWdtdte usr/dt/appconfig/appmanager/it_IT.UTF-8/Desktop_Apps/Dtterm
SUNWdtdte usr/dt/appconfig/types/C/dtscreen.dt
SUNWdtdte usr/dt/appconfig/types/de_DE.UTF-8/dtscreen.dt
SUNWdtdte usr/dt/appconfig/types/es_ES.UTF-8/dtscreen.dt
SUNWdtdte usr/dt/appconfig/types/fr_FR.UTF-8/dtscreen.dt
SUNWdtdte usr/dt/appconfig/types/it_IT.UTF-8/dtscreen.dt
SUNWdtdte usr/dt/bin/dtscreen
SUNWdtdte usr/dt/config/xfonts/C
SUNWdtdte usr/dt/share/examples/types
SUNWdtdte usr/dt/share/examples/types/C
SUNWdtdte usr/dt/share/examples/types/de_DE.UTF-8
SUNWdtdte usr/dt/share/examples/types/es_ES.UTF-8
SUNWdtdte usr/dt/share/examples/types/fr_FR.UTF-8
SUNWdtdte usr/dt/share/examples/types/it_IT.UTF-8
SUNWdtdte usr/dt/share/include
SUNWdtdte uxstd.dt
SUNWdtdte var/dt
SUNWdtdte var/dt/appconfig
SUNWdtdte var/dt/appconfig/appmanager
SUNWdtdte Vi
SUNWdtdte video.l.pm
SUNWdtdte video.m.pm
SUNWdtdte video.t.pm
SUNWdtdte videoTypes.dt
SUNWdtdte virtualbox
SUNWdtdte virtualbox.dt
SUNWdtdte virtualbox.l.pm
SUNWdtdte virtualbox.m.pm
SUNWdtdte virtualbox.t.pm
SUNWdtdte vlc
SUNWdtdte vlc.dt
SUNWdtdte vlc.l.pm
SUNWdtdte vlc.m.pm
SUNWdtdte vlc.t.pm
SUNWdtdte Wc
SUNWdtdte web_browse_ins.xbm
SUNWdtdte web_browse.xbm
SUNWdtdte wicd
SUNWdtdte wicd.dt
SUNWdtdte wicd.l.pm
SUNWdtdte wicd.m.pm
SUNWdtdte wicd.t.pm
SUNWdtdte Xaccess
SUNWdtdte xboard
SUNWdtdte xboard.dt
SUNWdtdte xboard.l.pm
SUNWdtdte xboard.m.pm
SUNWdtdte xboard.t.pm
SUNWdtdte xclients.dt
SUNWdtdte Xclipboard
SUNWdtdte XclockDig
SUNWdtdte Xconfig
SUNWdtdte Xdpyinfo
SUNWdtdte xdvi
SUNWdtdte xdvi.dt
SUNWdtdte xdvi.l.pm
SUNWdtdte xdvi.m.pm
SUNWdtdte xdvi.t.pm
SUNWdtdte Xfailsafe
SUNWdtdte Xfd
SUNWdtdte xfonts
SUNWdtdte xine
SUNWdtdte xine.dt
SUNWdtdte xine.l.pm
SUNWdtdte xine.m.pm
SUNWdtdte xine.t.pm
SUNWdtdte Xload
SUNWdtdte Xlsfonts
SUNWdtdte xournal
SUNWdtdte xournal.dt
SUNWdtdte xournal.l.pm
SUNWdtdte xournal.m.pm
SUNWdtdte xournal.t.pm
SUNWdtdte xpdf
SUNWdtdte xpdf.dt
SUNWdtdte xpdf.l.pm
SUNWdtdte xpdf.m.pm
SUNWdtdte xpdf.t.pm
SUNWdtdte Xprop
SUNWdtdte Xrefresh
SUNWdtdte Xreset
SUNWdtdte Xresources
SUNWdtdte Xresources.d
SUNWdtdte Xservers
SUNWdtdte Xsession
SUNWdtdte Xsession.d
SUNWdtdte Xsetup
SUNWdtdte Xstartup
SUNWdtdte Xterm
SUNWdtdte XtermDtspcd
SUNWdtdte XtermRlogin
SUNWdtdte xv
SUNWdtdte xv.dt
SUNWdtdte xv.l.pm
SUNWdtdte xv.m.pm
SUNWdtdte xv.t.pm
SUNWdtdte Xwd
SUNWdtdte Xwininfo
SUNWdtdte Xwud
SUNWdtezt SDturlweb.l.pm
SUNWdthe dthelp_ctag1
SUNWdthe dthelp_htag1
SUNWdthe dthelp_htag2
SUNWdthe dthelp.dt
SUNWdthe dthelpgen
SUNWdthe dthelpgen.cat
SUNWdthe dthelpgen.ds
SUNWdthe dthelptag
SUNWdthe dthelptag.dt
SUNWdthe dthelpview
SUNWdthe Dthelpview
SUNWdthe Dtmanpageview
SUNWdthe helpchar.ent
SUNWdthe helpicon.ent
SUNWdthe helplang.ent
SUNWdthe usr/dt/dthelp
SUNWdthe usr/dt/dthelp/dthelptag/helptag.opt
SUNWdthe usr/dt/dthelp/dthelptag/icons
SUNWdthe usr/dt/dthelp/dthelptag/icons/cauticon.pm
SUNWdthe usr/dt/dthelp/dthelptag/icons/noteicon.pm
SUNWdthe usr/dt/dthelp/dthelptag/icons/warnicon.pm
SUNWdthed AppWithHelp.xwd
SUNWdthed attack.snd
SUNWdthed beback.snd
SUNWdthed bee.xwd
SUNWdthed bugs.bunny.xwd
SUNWdthed chord.snd
SUNWdthed clock.xwd
SUNWdthed clouds.xpm
SUNWdthed clunk.snd
SUNWdthed deadjim.snd
SUNWdthed deadjim.xwd
SUNWdthed dtd
SUNWdthed DtHelp.msg
SUNWdthed Dthelpdemo
SUNWdthed fontDef.fns
SUNWdthed fontLarge.fns
SUNWdthed fontMulti.fns
SUNWdthed fontschemes
SUNWdthed fontX11.fns
SUNWdthed GeneralHelp.xwd
SUNWdthed hal2.snd
SUNWdthed haleluja.snd
SUNWdthed head-down.xwd
SUNWdthed help4help
SUNWdthed HelpCache.c
SUNWdthed HelpCacheI.h
SUNWdthed helpdemo.htg
SUNWdthed helpdemoHelpEnv.csh
SUNWdthed helpdemoHelpEnv.sh
SUNWdthed HelpEntry.h
SUNWdthed helpShelf.pm
SUNWdthed helptag.dtd
SUNWdthed HourGlass.c
SUNWdthed HourGlassI.h
SUNWdthed integral.bm
SUNWdthed Main.c
SUNWdthed Main.h
SUNWdthed Makefile
SUNWdthed monkey.snd
SUNWdthed QuickHelp.xwd
SUNWdthed rooster.snd
SUNWdthed rooster.xpm
SUNWdthed sdl.dtd
SUNWdthed shuttle2.xwd
SUNWdthed Snapshot.bm
SUNWdthed Snapshot.xwd
SUNWdthed sounds
SUNWdthed speaker.pm
SUNWdthed sunset.xwd
SUNWdthed tarzan.snd
SUNWdthed thunder.snd
SUNWdthed tribe.xwd
SUNWdthed usr/dt/dthelp/help4help/C
SUNWdthed usr/dt/dthelp/nls
SUNWdthed usr/dt/dthelp/nls/C
SUNWdthed usr/dt/share/examples/dthelp
SUNWdthed usr/dt/share/examples/dthelp/help
SUNWdthed usr/dt/share/examples/dthelp/help/graphics
SUNWdthed usr/dt/share/examples/dthelp/help/helptag.opt
SUNWdthed usr/dt/share/examples/dthelp/Makefile.HP
SUNWdthed usr/dt/share/examples/dthelp/Makefile.IBM
SUNWdthed usr/dt/share/examples/dthelp/Makefile.SUN
SUNWdthed usr/dt/share/examples/dthelp/README
SUNWdthed whatsup.snd
SUNWdthed xload.xwd
SUNWdthed zh_CN.dt-eucCN
SUNWdthev abicon.pm
SUNWdthev accesalt.tif
SUNWdthev access.tif
SUNWdthev actions.tif
SUNWdthev addappfp.tif
SUNWdthev addinfo.tif
SUNWdthev addlib.tif
SUNWdthev addpal.tif
SUNWdthev addtypes.tif
SUNWdthev advance.tif
SUNWdthev advopts.tif
SUNWdthev align.tif
SUNWdthev aliopts.tif
SUNWdthev AppBuilder
SUNWdthev apped.tif
SUNWdthev appedpln.tif
SUNWdthev Appendix.sgm
SUNWdthev appgroup.tif
SUNWdthev appicon.tif
SUNWdthev applist.tif
SUNWdthev appman.tif
SUNWdthev Appmanager
SUNWdthev Appmanager.sdl
SUNWdthev appmenu.tif
SUNWdthev appmgr.pm
SUNWdthev appopts.tif
SUNWdthev arrowbut.tif
SUNWdthev attach.tif
SUNWdthev attbot.tif
SUNWdthev attcent.tif
SUNWdthev atted.tif
SUNWdthev attfsb.tif
SUNWdthev attmenu.tif
SUNWdthev attnone.tif
SUNWdthev attprcent.tif
SUNWdthev attprtop.tif
SUNWdthev attsmenu.tif
SUNWdthev atttop.tif
SUNWdthev atttwo.tif
SUNWdthev audio.pm
SUNWdthev audiodlg.tif
SUNWdthev backddlg.tif
SUNWdthev backdrop.pm
SUNWdthev basewin.pm
SUNWdthev bell.tif
SUNWdthev bklist.tif
SUNWdthev bklist1.tif
SUNWdthev bkmark.tif
SUNWdthev bkmkedit.tif
SUNWdthev bknote.tif
SUNWdthev bookcase.map
SUNWdthev browmenu.tif
SUNWdthev browser.tif
SUNWdthev brwsbuts.tif
SUNWdthev button.tif
SUNWdthev C.ISO-8859-1
SUNWdthev calcarea.tif
SUNWdthev calcpop.tif
SUNWdthev Calculator
SUNWdthev Calculator.sdl
SUNWdthev Calendar
SUNWdthev Calendar.sdl
SUNWdthev calparts.tif
SUNWdthev catalog
SUNWdthev cde.dti
SUNWdthev cde.oli
SUNWdthev CDEDOC
SUNWdthev CDEDOC.d00
SUNWdthev CDEDOC.d01
SUNWdthev CDEDOC.d21
SUNWdthev CDEDOC.d22
SUNWdthev CDEDOC.d23
SUNWdthev CDEDOC.d99
SUNWdthev CDEDOC.dbd
SUNWdthev CDEDOC.dbi
SUNWdthev CDEDOC.k00
SUNWdthev CDEDOC.k01
SUNWdthev CDEDOC.k21
SUNWdthev CDEDOC.k22
SUNWdthev CDEDOC.k23
SUNWdthev CDEDOC.sch
SUNWdthev CDEDOC.sfx
SUNWdthev CDEDOC.stp
SUNWdthev cdelogo.pm
SUNWdthev cgoption.tif
SUNWdthev cgoptmen.tif
SUNWdthev ChangeCaseTitle
SUNWdthev chdir.tif
SUNWdthev checkbox.tif
SUNWdthev circle.pm
SUNWdthev click1.tif
SUNWdthev clock.pm
SUNWdthev codegen.tif
SUNWdthev color.pm
SUNWdthev color.tif
SUNWdthev colordlg.tif
SUNWdthev combobox.tif
SUNWdthev compare.tif
SUNWdthev compatt.tif
SUNWdthev compbut.tif
SUNWdthev compedit.tif
SUNWdthev compfile.tif
SUNWdthev compfmt.tif
SUNWdthev compmenu.tif
SUNWdthev compopts.tif
SUNWdthev compwin.tif
SUNWdthev Concepts.sgm
SUNWdthev confirm.tif
SUNWdthev conned.tif
SUNWdthev constant.tif
SUNWdthev contain.pm
SUNWdthev control.tif
SUNWdthev copy.tif
SUNWdthev copydir.tif
SUNWdthev copyfile.tif
SUNWdthev copylink.tif
SUNWdthev copymain.tif
SUNWdthev copyovwr.tif
SUNWdthev copywarn.tif
SUNWdthev cousedlg.tif
SUNWdthev cpanel.tif
SUNWdthev cpanelio.tif
SUNWdthev cpfstat.tif
SUNWdthev cpfwarn.tif
SUNWdthev CreatAct
SUNWdthev CreatAct.sdl
SUNWdthev create.tif
SUNWdthev createf.tif
SUNWdthev cursor.tif
SUNWdthev custicon.tif
SUNWdthev dapane.tif
SUNWdthev dareaio.tif
SUNWdthev date.pm
SUNWdthev datefmt.tif
SUNWdthev dayicon.tif
SUNWdthev dayvw.tif
SUNWdthev dbdrv
SUNWdthev de_DE.ISO-8859-1
SUNWdthev defaults.tif
SUNWdthev DeInstallBase
SUNWdthev delpal.tif
SUNWdthev Desktop.hf
SUNWdthev DesktopIntro.hf
SUNWdthev deu.sfx
SUNWdthev deu.stp
SUNWdthev dgrafico.tif
SUNWdthev disbklst.tif
SUNWdthev display.tif
SUNWdthev dispmode.tif
SUNWdthev distmenu.tif
SUNWdthev dnded.tif
SUNWdthev docbook.cmap
SUNWdthev docbook.dtd
SUNWdthev docbook.sgml
SUNWdthev docbook.tcl
SUNWdthev docbook.ts
SUNWdthev docbook.tss
SUNWdthev dojob.tif
SUNWdthev drag1.tif
SUNWdthev dragicon.pm
SUNWdthev drawarea.pm
SUNWdthev dropcust.tif
SUNWdthev dropfile.tif
SUNWdthev dropmain.tif
SUNWdthev drwareai.tif
SUNWdthev dtinfo_start
SUNWdthev dtinfo.af
SUNWdthev dtinfo.decl
SUNWdthev dtinfoBook.dtd
SUNWdthev dtinfogen_worker
SUNWdthev dtinfoStyle.dtd
SUNWdthev dtinfoTOC.dtd
SUNWdthev dtpopup.tif
SUNWdthev dtsearch
SUNWdthev dtsearch.dbd
SUNWdthev dtsearch.ocf
SUNWdthev dtsr
SUNWdthev edit.tif
SUNWdthev editmenu.tif
SUNWdthev editor.pm
SUNWdthev edsep.tif
SUNWdthev edsmenu.tif
SUNWdthev ellipse.pm
SUNWdthev eng.sfx
SUNWdthev eng.stp
SUNWdthev environ.tif
SUNWdthev erase.pm
SUNWdthev erroradv.tif
SUNWdthev errordaf.tif
SUNWdthev errormif.tif
SUNWdthev es_ES.ISO-8859-1
SUNWdthev esp.sfx
SUNWdthev esp.stp
SUNWdthev etc
SUNWdthev eunsaved.tif
SUNWdthev execute.tif
SUNWdthev exists.tif
SUNWdthev exit.pm
SUNWdthev file.tif
SUNWdthev filemenu.tif
SUNWdthev Filemgr
SUNWdthev filemgr.pm
SUNWdthev Filemgr.sdl
SUNWdthev filename.tif
SUNWdthev fileopts.tif
SUNWdthev filselec.tif
SUNWdthev filter.tif
SUNWdthev find.tif
SUNWdthev findset.tif
SUNWdthev finregs.tif
SUNWdthev flagdown.pm
SUNWdthev flood.pm
SUNWdthev fmenutop.tif
SUNWdthev fmt_tbl.msg
SUNWdthev focus.tif
SUNWdthev font.pm
SUNWdthev fontdlg.tif
SUNWdthev FPanel
SUNWdthev FPanel.sdl
SUNWdthev fpanel.tif
SUNWdthev fpappmgr.pm
SUNWdthev fpctl.tif
SUNWdthev fpexit.tif
SUNWdthev fphelp.pm
SUNWdthev fphelp.tif
SUNWdthev fpico.tif
SUNWdthev fplock.tif
SUNWdthev fponitem.pm
SUNWdthev fpterm.tif
SUNWdthev fpwab.tif
SUNWdthev fr_FR.ISO-8859-1
SUNWdthev fra.sfx
SUNWdthev fra.stp
SUNWdthev frmwrked.tif
SUNWdthev fsb.pm
SUNWdthev fsdio.tif
SUNWdthev fsdopen.tif
SUNWdthev genhlp.tif
SUNWdthev getascii.tif
SUNWdthev globopts.tif
SUNWdthev glossary.sgm
SUNWdthev gmap.tif
SUNWdthev gomenu.tif
SUNWdthev goto.tif
SUNWdthev graffile.tif
SUNWdthev grafpanr.tif
SUNWdthev grafview.tif
SUNWdthev graphmap.tif
SUNWdthev graphwin.tif
SUNWdthev group.tif
SUNWdthev grouped.tif
SUNWdthev guage.tif
SUNWdthev hardcopy.feature.spec
SUNWdthev hdropts.tif
SUNWdthev headers.tif
SUNWdthev help.tif
SUNWdthev Help4Help
SUNWdthev Help4Help.sgm
SUNWdthev helpbut.tif
SUNWdthev helpctl.tif
SUNWdthev helped.tif
SUNWdthev helpintr.pm
SUNWdthev helpmenu.tif
SUNWdthev helpmgr.pm
SUNWdthev helpmgr.tif
SUNWdthev helporg.tif
SUNWdthev histlist.tif
SUNWdthev history.tif
SUNWdthev histpref.tif
SUNWdthev hlinkd.tif
SUNWdthev hlinks.tif
SUNWdthev Home.sgm
SUNWdthev home.tif
SUNWdthev hsarrows.tif
SUNWdthev hticons.tif
SUNWdthev Iconed
SUNWdthev Iconed.sdl
SUNWdthev iconedit.pm
SUNWdthev iderr.tif
SUNWdthev idfolder.tif
SUNWdthev idname.tif
SUNWdthev idperm.tif
SUNWdthev idwindow.tif
SUNWdthev ilibico.tif
SUNWdthev include.tif
SUNWdthev indexdlg.tif
SUNWdthev indexpre.tif
SUNWdthev indextop.tif
SUNWdthev infolib
SUNWdthev infolib1.tif
SUNWdthev Infomgr
SUNWdthev Infomgr.sdl
SUNWdthev infosub.tif
SUNWdthev infosubp.tif
SUNWdthev install.pm
SUNWdthev InstallBase
SUNWdthev instant
SUNWdthev intldial.tif
SUNWdthev intlicon.tif
SUNWdthev Intromgr
SUNWdthev Intromgr.sdl
SUNWdthev iso-amsa.gml
SUNWdthev iso-amsb.gml
SUNWdthev iso-amsc.gml
SUNWdthev iso-amsn.gml
SUNWdthev iso-amso.gml
SUNWdthev iso-amsr.gml
SUNWdthev iso-box.gml
SUNWdthev iso-catalog
SUNWdthev iso-cyr1.gml
SUNWdthev iso-cyr2.gml
SUNWdthev iso-dia.gml
SUNWdthev iso-grk1.gml
SUNWdthev iso-grk2.gml
SUNWdthev iso-grk3.gml
SUNWdthev iso-grk4.gml
SUNWdthev iso-lat1.gml
SUNWdthev iso-lat2.gml
SUNWdthev iso-mfrk.gml
SUNWdthev iso-mopf.gml
SUNWdthev iso-mscr.gml
SUNWdthev iso-num.gml
SUNWdthev iso-pub.gml
SUNWdthev iso-tech.gml
SUNWdthev it_IT.ISO-8859-1
SUNWdthev ita.sfx
SUNWdthev ita.stp
SUNWdthev ja_JP.EUC-JP
SUNWdthev jpn.knj
SUNWdthev keybdlg.tif
SUNWdthev keyboard.pm
SUNWdthev keyboard.tif
SUNWdthev label.tif
SUNWdthev layout.tif
SUNWdthev LibDtPrint
SUNWdthev LibDtPrint.sdl
SUNWdthev Librarian
SUNWdthev light.pm
SUNWdthev line.pm
SUNWdthev linkfile.tif
SUNWdthev listsel.tif
SUNWdthev lock.pm
SUNWdthev Loginmgr.sdl
SUNWdthev mail.pm
SUNWdthev mailbox.tif
SUNWdthev Mailer
SUNWdthev Mailer.sdl
SUNWdthev mailicon.tif
SUNWdthev main.tif
SUNWdthev maincall.tif
SUNWdthev mainfp.tif
SUNWdthev mainsub.tif
SUNWdthev mainwin.tif
SUNWdthev mainwio.tif
SUNWdthev mappmgr.pm
SUNWdthev mappref.tif
SUNWdthev markmenu.tif
SUNWdthev maxbut.tif
SUNWdthev mboxbut.tif
SUNWdthev mboxmenu.tif
SUNWdthev mdticon.pm
SUNWdthev memregs.tif
SUNWdthev menubar.tif
SUNWdthev menubart.tif
SUNWdthev menubut.tif
SUNWdthev menuedit.tif
SUNWdthev message.tif
SUNWdthev MetaInfo.sgm
SUNWdthev mfilemgr.pm
SUNWdthev mfpanel.pm
SUNWdthev minbut.tif
SUNWdthev minimize.pm
SUNWdthev minimize.tif
SUNWdthev minus.pm
SUNWdthev MixedGen
SUNWdthev mmdb.infolib.spec
SUNWdthev mmdb.mark.spec
SUNWdthev mminicon.pm
SUNWdthev mnthicon.tif
SUNWdthev modarray.tif
SUNWdthev modebar.tif
SUNWdthev modeoptm.tif
SUNWdthev modifdlg.tif
SUNWdthev modmenu.tif
SUNWdthev monthvw.tif
SUNWdthev mouse.pm
SUNWdthev mousedlg.tif
SUNWdthev move.tif
SUNWdthev movefile.tif
SUNWdthev movehand.tif
SUNWdthev movemenu.tif
SUNWdthev movewin.tif
SUNWdthev mprndial.tif
SUNWdthev mprnops.tif
SUNWdthev msged.tif
SUNWdthev msgmenu.tif
SUNWdthev msgvw.tif
SUNWdthev mstylmgr.pm
SUNWdthev multicol.tif
SUNWdthev mwcpage.tif
SUNWdthev namemod.tif
SUNWdthev nameproj.tif
SUNWdthev NCFGen
SUNWdthev nconst1.tif
SUNWdthev nconst2.tif
SUNWdthev newfile.tif
SUNWdthev newfold.tif
SUNWdthev nextvw.tif
SUNWdthev nfunct1.tif
SUNWdthev nfunct2.tif
SUNWdthev NodeParser
SUNWdthev nsgmls
SUNWdthev numbase.tif
SUNWdthev nxthist.tif
SUNWdthev nxtsect.tif
SUNWdthev nxtsrch.tif
SUNWdthev objinfo.tif
SUNWdthev occupyws.tif
SUNWdthev onitemcn.tif
SUNWdthev online.feature.spec
SUNWdthev open.tif
SUNWdthev openfile.tif
SUNWdthev openloca.tif
SUNWdthev optbmenu.tif
SUNWdthev options.tif
SUNWdthev optmenu.tif
SUNWdthev optrmenu.tif
SUNWdthev overview.tif
SUNWdthev palette.tif
SUNWdthev panes.tif
SUNWdthev pdmjob.tif
SUNWdthev pdmmain.tif
SUNWdthev pdmprint.tif
SUNWdthev pencil.pm
SUNWdthev persapps.pm
SUNWdthev pjicon.pm
SUNWdthev pjlaunch.tif
SUNWdthev pjmain.tif
SUNWdthev pjprops.tif
SUNWdthev pjselect.tif
SUNWdthev plus.pm
SUNWdthev pmlaunch.tif
SUNWdthev pmopts.tif
SUNWdthev pmselect.tif
SUNWdthev polygon.pm
SUNWdthev polyline.pm
SUNWdthev popbrowse.tif
SUNWdthev popui.tif
SUNWdthev popupctl.tif
SUNWdthev popupmen.tif
SUNWdthev popupsub.tif
SUNWdthev popupswi.tif
SUNWdthev popupwin.pm
SUNWdthev popupwsb.tif
SUNWdthev preferen.tif
SUNWdthev prefwin.tif
SUNWdthev prevvw.tif
SUNWdthev print.tif
SUNWdthev printdlg.tif
SUNWdthev printer.pm
SUNWdthev printer.tif
SUNWdthev Printmgr
SUNWdthev printmgr.pm
SUNWdthev Printmgr.sdl
SUNWdthev printwin.tif
SUNWdthev prninfo.tif
SUNWdthev prnselec.tif
SUNWdthev PrnSetup
SUNWdthev PrnSetup.sdl
SUNWdthev projmenu.tif
SUNWdthev projorg.tif
SUNWdthev prompt.tif
SUNWdthev property.tif
SUNWdthev props.tif
SUNWdthev proxy.ss
SUNWdthev prticon.pm
SUNWdthev prtmenu.tif
SUNWdthev prvhist.tif
SUNWdthev prvsect.tif
SUNWdthev prvsrch.tif
SUNWdthev punsaved.tif
SUNWdthev pushpin.tif
SUNWdthev pwedpane.tif
SUNWdthev qedit.tif
SUNWdthev qeditwin.tif
SUNWdthev quickcd.tif
SUNWdthev quickhlp.tif
SUNWdthev radiobox.tif
SUNWdthev readwin.tif
SUNWdthev readwin1.tif
SUNWdthev rectang.pm
SUNWdthev Ref.sgm
SUNWdthev rename.tif
SUNWdthev replace.tif
SUNWdthev resize.tif
SUNWdthev resizebd.tif
SUNWdthev rminfo.tif
SUNWdthev save.tif
SUNWdthev saveas.tif
SUNWdthev savescop.tif
SUNWdthev scale.tif
SUNWdthev schedapp.tif
SUNWdthev sclick1.tif
SUNWdthev scopedit.tif
SUNWdthev screen.pm
SUNWdthev screen.tif
SUNWdthev scrextdlg.tif
SUNWdthev scricon.pm
SUNWdthev scrlist.tif
SUNWdthev scroll.tif
SUNWdthev scrollb.tif
SUNWdthev sdrag1.tif
SUNWdthev search.tif
SUNWdthev searchin.tif
SUNWdthev sectitle.tif
SUNWdthev select.pm
SUNWdthev selected.tif
SUNWdthev seltopic.tif
SUNWdthev separat.tif
SUNWdthev serchprf.tif
SUNWdthev serchres.tif
SUNWdthev settings.tif
SUNWdthev SGML
SUNWdthev shistwin.tif
SUNWdthev showprt.tif
SUNWdthev shwother.tif
SUNWdthev smallhelp.pm
SUNWdthev smallinf.tif
SUNWdthev smallprt.pm
SUNWdthev snoextdlg.tif
SUNWdthev spell.tif
SUNWdthev spinbox.tif
SUNWdthev srchmenu.tif
SUNWdthev standaln.tif
SUNWdthev startdlg.tif
SUNWdthev startup.pm
SUNWdthev status.tif
SUNWdthev strings
SUNWdthev Stylemgr
SUNWdthev stylemgr.pm
SUNWdthev Stylemgr.sdl
SUNWdthev stylemgr.tif
SUNWdthev StyleUpdate
SUNWdthev styprolog.sgml
SUNWdthev subclose.tif
SUNWdthev subpanel.tif
SUNWdthev switchws.tif
SUNWdthev Tasks.sgm
SUNWdthev Terminal
SUNWdthev terminal.pm
SUNWdthev Terminal.sdl
SUNWdthev termp.tif
SUNWdthev termpi.pm
SUNWdthev termpio.tif
SUNWdthev Textedit
SUNWdthev Textedit.sdl
SUNWdthev textfld.tif
SUNWdthev textp.tif
SUNWdthev textpi.pm
SUNWdthev textpio.tif
SUNWdthev tfield.tif
SUNWdthev threebut.tif
SUNWdthev timezone.tif
SUNWdthev titlebar.tif
SUNWdthev tmplopts.tif
SUNWdthev TOC.sgm
SUNWdthev today.tif
SUNWdthev todoed.tif
SUNWdthev todoedlg.tif
SUNWdthev todoicon.tif
SUNWdthev todolist.tif
SUNWdthev toolbar.tif
SUNWdthev topicerr.tif
SUNWdthev topics.tif
SUNWdthev trash.pm
SUNWdthev trigbase.tif
SUNWdthev unsaved.tif
SUNWdthev usr/dt/appconfig/help/C/AppBuilder/graphics
SUNWdthev usr/dt/appconfig/help/C/Appmanager/graphics
SUNWdthev usr/dt/appconfig/help/C/Calculator/graphics
SUNWdthev usr/dt/appconfig/help/C/Calendar/graphics
SUNWdthev usr/dt/appconfig/help/C/CreatAct/graphics
SUNWdthev usr/dt/appconfig/help/C/Filemgr/graphics
SUNWdthev usr/dt/appconfig/help/C/FPanel/graphics
SUNWdthev usr/dt/appconfig/help/C/Help4Help/graphics
SUNWdthev usr/dt/appconfig/help/C/Iconed/graphics
SUNWdthev usr/dt/appconfig/help/C/Infomgr/graphics
SUNWdthev usr/dt/appconfig/help/C/Intromgr/graphics
SUNWdthev usr/dt/appconfig/help/C/LibDtPrint/graphics
SUNWdthev usr/dt/appconfig/help/C/Mailer/graphics
SUNWdthev usr/dt/appconfig/help/C/Printmgr/graphics
SUNWdthev usr/dt/appconfig/help/C/PrnSetup/graphics
SUNWdthev usr/dt/appconfig/help/C/Stylemgr/graphics
SUNWdthev usr/dt/appconfig/help/C/Terminal/graphics
SUNWdthev usr/dt/appconfig/help/C/Textedit/graphics
SUNWdthev usr/dt/appconfig/help/de_DE.UTF-8/Appmanager/graphics
SUNWdthev usr/dt/appconfig/help/de_DE.UTF-8/Calculator/graphics
SUNWdthev usr/dt/appconfig/help/de_DE.UTF-8/Calendar/graphics
SUNWdthev usr/dt/appconfig/help/de_DE.UTF-8/CreatAct/graphics
SUNWdthev usr/dt/appconfig/help/de_DE.UTF-8/Filemgr/graphics
SUNWdthev usr/dt/appconfig/help/de_DE.UTF-8/FPanel/graphics
SUNWdthev usr/dt/appconfig/help/de_DE.UTF-8/Help4Help/graphics
SUNWdthev usr/dt/appconfig/help/de_DE.UTF-8/Iconed/graphics
SUNWdthev usr/dt/appconfig/help/de_DE.UTF-8/Infomgr/graphics
SUNWdthev usr/dt/appconfig/help/de_DE.UTF-8/Intromgr/graphics
SUNWdthev usr/dt/appconfig/help/de_DE.UTF-8/LibDtPrint/graphics
SUNWdthev usr/dt/appconfig/help/de_DE.UTF-8/Mailer/graphics
SUNWdthev usr/dt/appconfig/help/de_DE.UTF-8/Printmgr/graphics
SUNWdthev usr/dt/appconfig/help/de_DE.UTF-8/PrnSetup/graphics
SUNWdthev usr/dt/appconfig/help/de_DE.UTF-8/Stylemgr/graphics
SUNWdthev usr/dt/appconfig/help/de_DE.UTF-8/Terminal/graphics
SUNWdthev usr/dt/appconfig/help/de_DE.UTF-8/Textedit/graphics
SUNWdthev usr/dt/appconfig/help/es_ES.UTF-8/Appmanager/graphics
SUNWdthev usr/dt/appconfig/help/es_ES.UTF-8/Calculator/graphics
SUNWdthev usr/dt/appconfig/help/es_ES.UTF-8/Calendar/graphics
SUNWdthev usr/dt/appconfig/help/es_ES.UTF-8/CreatAct/graphics
SUNWdthev usr/dt/appconfig/help/es_ES.UTF-8/Filemgr/graphics
SUNWdthev usr/dt/appconfig/help/es_ES.UTF-8/FPanel/graphics
SUNWdthev usr/dt/appconfig/help/es_ES.UTF-8/Help4Help/graphics
SUNWdthev usr/dt/appconfig/help/es_ES.UTF-8/Iconed/graphics
SUNWdthev usr/dt/appconfig/help/es_ES.UTF-8/Infomgr/graphics
SUNWdthev usr/dt/appconfig/help/es_ES.UTF-8/Intromgr/graphics
SUNWdthev usr/dt/appconfig/help/es_ES.UTF-8/LibDtPrint/graphics
SUNWdthev usr/dt/appconfig/help/es_ES.UTF-8/Mailer/graphics
SUNWdthev usr/dt/appconfig/help/es_ES.UTF-8/Printmgr/graphics
SUNWdthev usr/dt/appconfig/help/es_ES.UTF-8/PrnSetup/graphics
SUNWdthev usr/dt/appconfig/help/es_ES.UTF-8/Stylemgr/graphics
SUNWdthev usr/dt/appconfig/help/es_ES.UTF-8/Terminal/graphics
SUNWdthev usr/dt/appconfig/help/es_ES.UTF-8/Textedit/graphics
SUNWdthev usr/dt/appconfig/help/fr_FR.UTF-8/Appmanager/graphics
SUNWdthev usr/dt/appconfig/help/fr_FR.UTF-8/Calculator/graphics
SUNWdthev usr/dt/appconfig/help/fr_FR.UTF-8/Calendar/graphics
SUNWdthev usr/dt/appconfig/help/fr_FR.UTF-8/CreatAct/graphics
SUNWdthev usr/dt/appconfig/help/fr_FR.UTF-8/Filemgr/graphics
SUNWdthev usr/dt/appconfig/help/fr_FR.UTF-8/FPanel/graphics
SUNWdthev usr/dt/appconfig/help/fr_FR.UTF-8/Help4Help/graphics
SUNWdthev usr/dt/appconfig/help/fr_FR.UTF-8/Iconed/graphics
SUNWdthev usr/dt/appconfig/help/fr_FR.UTF-8/Infomgr/graphics
SUNWdthev usr/dt/appconfig/help/fr_FR.UTF-8/Intromgr/graphics
SUNWdthev usr/dt/appconfig/help/fr_FR.UTF-8/LibDtPrint/graphics
SUNWdthev usr/dt/appconfig/help/fr_FR.UTF-8/Mailer/graphics
SUNWdthev usr/dt/appconfig/help/fr_FR.UTF-8/Printmgr/graphics
SUNWdthev usr/dt/appconfig/help/fr_FR.UTF-8/PrnSetup/graphics
SUNWdthev usr/dt/appconfig/help/fr_FR.UTF-8/Stylemgr/graphics
SUNWdthev usr/dt/appconfig/help/fr_FR.UTF-8/Terminal/graphics
SUNWdthev usr/dt/appconfig/help/fr_FR.UTF-8/Textedit/graphics
SUNWdthev usr/dt/appconfig/help/it_IT.UTF-8/Appmanager/graphics
SUNWdthev usr/dt/appconfig/help/it_IT.UTF-8/Calculator/graphics
SUNWdthev usr/dt/appconfig/help/it_IT.UTF-8/Calendar/graphics
SUNWdthev usr/dt/appconfig/help/it_IT.UTF-8/CreatAct/graphics
SUNWdthev usr/dt/appconfig/help/it_IT.UTF-8/Filemgr/graphics
SUNWdthev usr/dt/appconfig/help/it_IT.UTF-8/FPanel/graphics
SUNWdthev usr/dt/appconfig/help/it_IT.UTF-8/Help4Help/graphics
SUNWdthev usr/dt/appconfig/help/it_IT.UTF-8/Iconed/graphics
SUNWdthev usr/dt/appconfig/help/it_IT.UTF-8/Infomgr/graphics
SUNWdthev usr/dt/appconfig/help/it_IT.UTF-8/Intromgr/graphics
SUNWdthev usr/dt/appconfig/help/it_IT.UTF-8/LibDtPrint/graphics
SUNWdthev usr/dt/appconfig/help/it_IT.UTF-8/Mailer/graphics
SUNWdthev usr/dt/appconfig/help/it_IT.UTF-8/Printmgr/graphics
SUNWdthev usr/dt/appconfig/help/it_IT.UTF-8/PrnSetup/graphics
SUNWdthev usr/dt/appconfig/help/it_IT.UTF-8/Stylemgr/graphics
SUNWdthev usr/dt/appconfig/help/it_IT.UTF-8/Terminal/graphics
SUNWdthev usr/dt/appconfig/help/it_IT.UTF-8/Textedit/graphics
SUNWdthev usr/dt/dthelp/dtdocbook
SUNWdthev usr/dt/dthelp/help4help/C/graphics
SUNWdthev usr/dt/infolib/C
SUNWdthev usr/dt/infolib/etc/C
SUNWdthev usr/dt/infolib/etc/de_DE.UTF-8
SUNWdthev usr/dt/infolib/etc/es_ES.UTF-8
SUNWdthev usr/dt/infolib/etc/fr_FR.UTF-8
SUNWdthev usr/dt/infolib/etc/it_IT.UTF-8
SUNWdthev vacopts.tif
SUNWdthev valBase
SUNWdthev validator
SUNWdthev view.tif
SUNWdthev viewmenu.tif
SUNWdthev viewmods.tif
SUNWdthev viewopts.tif
SUNWdthev volerr.tif
SUNWdthev weekicon.tif
SUNWdthev weekvw.tif
SUNWdthev wholefp.tif
SUNWdthev winbmenu.tif
SUNWdthev windlg.tif
SUNWdthev window.tif
SUNWdthev windows.tif
SUNWdthev winmenu.tif
SUNWdthev winmgr.pm
SUNWdthev winrmenu.tif
SUNWdthev wordwrap.tif
SUNWdthev wsmenu.tif
SUNWdthev wsobmenu.tif
SUNWdthev wsswitch.pm
SUNWdthev xlate_locale
SUNWdthev yearicon.tif
SUNWdthev yearvw.tif
SUNWdticn Alpine.dp
SUNWdticn Arizona.dp
SUNWdticn BeigeRose.dp
SUNWdticn Black.dp
SUNWdticn BlackWhite.dp
SUNWdticn Broica.dp
SUNWdticn Cabernet.dp
SUNWdticn Camouflage.dp
SUNWdticn Charcoal.dp
SUNWdticn Chocolate.dp
SUNWdticn Cinnamon.dp
SUNWdticn Clay.dp
SUNWdticn Crimson.dp
SUNWdticn DarkGold.dp
SUNWdticn Default.dp
SUNWdticn Delphinium.dp
SUNWdticn Desert.dp
SUNWdticn DtABa0.m.bm
SUNWdticn DtABabf.m.bm
SUNWdticn DtABabF.m.bm
SUNWdticn DtABabp.m.bm
SUNWdticn DtABabw.m.bm
SUNWdticn DtABabW.m.bm
SUNWdticn DtABalb.m.bm
SUNWdticn DtABalc.m.bm
SUNWdticn DtABalf.m.bm
SUNWdticn DtABalF.m.bm
SUNWdticn DtABalg.m.bm
SUNWdticn DtABalH.m.bm
SUNWdticn DtABall.m.bm
SUNWdticn DtABalL.m.bm
SUNWdticn DtABalp.m.bm
SUNWdticn DtABalr.m.bm
SUNWdticn DtABalt.m.bm
SUNWdticn DtABalV.m.bm
SUNWdticn DtABalw.m.bm
SUNWdticn DtABalW.m.bm
SUNWdticn DtABarf.m.bm
SUNWdticn DtABarF.m.bm
SUNWdticn DtABarp.m.bm
SUNWdticn DtABarw.m.bm
SUNWdticn DtABarW.m.bm
SUNWdticn DtABatc.m.bm
SUNWdticn DtABatf.m.bm
SUNWdticn DtABatF.m.bm
SUNWdticn DtABatp.m.bm
SUNWdticn DtABatw.m.bm
SUNWdticn DtABatW.m.bm
SUNWdticn DtABbil.m_m.bm
SUNWdticn DtABbil.m.bm
SUNWdticn DtABbil.m.pm
SUNWdticn DtABbil.t_m.bm
SUNWdticn DtABbil.t.bm
SUNWdticn DtABbil.t.pm
SUNWdticn DtABbip.m_m.bm
SUNWdticn DtABbip.m.bm
SUNWdticn DtABbip.m.pm
SUNWdticn DtABbip.t_m.bm
SUNWdticn DtABbip.t.bm
SUNWdticn DtABbip.t.pm
SUNWdticn DtABbix.l.bm
SUNWdticn DtABbix.l.pm
SUNWdticn DtABbix.m.bm
SUNWdticn DtABbix.m.pm
SUNWdticn DtABbix.t.bm
SUNWdticn DtABbix.t.pm
SUNWdticn DtABbtn.bm
SUNWdticn DtABbtn.pm
SUNWdticn DtABbw.bm
SUNWdticn DtABbw.pm
SUNWdticn DtABbw2.bm
SUNWdticn DtABbw2.pm
SUNWdticn DtABcas.bm
SUNWdticn DtABcas.pm
SUNWdticn DtABccp.t.bm
SUNWdticn DtABchk.bm
SUNWdticn DtABchk.pm
SUNWdticn DtABcmb.bm
SUNWdticn DtABcmb.pm
SUNWdticn DtABcmv.t.bm
SUNWdticn DtABcnt.bm
SUNWdticn DtABcnt.pm
SUNWdticn DtABcnt2.bm
SUNWdticn DtABcnt2.pm
SUNWdticn DtABdfl.bm
SUNWdticn DtABdfl.pm
SUNWdticn DtABdh.m.bm
SUNWdticn DtABdhc.m.bm
SUNWdticn DtABdrw.bm
SUNWdticn DtABdrw.pm
SUNWdticn DtABdrw2.bm
SUNWdticn DtABdrw2.pm
SUNWdticn DtABdv.m.bm
SUNWdticn DtABdvc.m.bm
SUNWdticn DtABfsb.bm
SUNWdticn DtABfsb.pm
SUNWdticn DtABfsb2.bm
SUNWdticn DtABfsb2.pm
SUNWdticn DtABgai.m.bm
SUNWdticn DtABgau.bm
SUNWdticn DtABgau.pm
SUNWdticn DtABgco.m.bm
SUNWdticn DtABgrc.m.bm
SUNWdticn DtABgro.m.bm
SUNWdticn DtABgrp.bm
SUNWdticn DtABgrp.pm
SUNWdticn DtABitm.bm
SUNWdticn DtABitm.pm
SUNWdticn DtABlbl.bm
SUNWdticn DtABlbl.pm
SUNWdticn DtABlll.t.bm
SUNWdticn DtABllr.t.bm
SUNWdticn DtABlst.bm
SUNWdticn DtABlst.pm
SUNWdticn DtABlul.t.bm
SUNWdticn DtABlur.t.bm
SUNWdticn DtABlyr.bm
SUNWdticn DtABlyr.pm
SUNWdticn DtABmbr.bm
SUNWdticn DtABmbr.pm
SUNWdticn DtABmbt.bm
SUNWdticn DtABmbt.pm
SUNWdticn DtABmbx.bm
SUNWdticn DtABmbx.pm
SUNWdticn DtABmdl.bm
SUNWdticn DtABmdl.pm
SUNWdticn DtABmer.m.bm
SUNWdticn DtABmin.m.bm
SUNWdticn DtABmqs.m.bm
SUNWdticn DtABmwk.m.bm
SUNWdticn DtABmwn.m.bm
SUNWdticn DtABopm.bm
SUNWdticn DtABopm.pm
SUNWdticn DtABpnw.bm
SUNWdticn DtABpnw.pm
SUNWdticn DtABpum.bm
SUNWdticn DtABpum.pm
SUNWdticn DtABpuw.bm
SUNWdticn DtABpuw.pm
SUNWdticn DtABpuw2.bm
SUNWdticn DtABpuw2.pm
SUNWdticn DtABrad.bm
SUNWdticn DtABrad.pm
SUNWdticn DtABsep.bm
SUNWdticn DtABsep.pm
SUNWdticn DtABsld.bm
SUNWdticn DtABsld.pm
SUNWdticn DtABspb.bm
SUNWdticn DtABspb.pm
SUNWdticn DtABtmp.bm
SUNWdticn DtABtmp.pm
SUNWdticn DtABtmp2.bm
SUNWdticn DtABtmp2.pm
SUNWdticn DtABtxf.bm
SUNWdticn DtABtxf.pm
SUNWdticn DtABtxp.bm
SUNWdticn DtABtxp.pm
SUNWdticn DtABtxp2.bm
SUNWdticn DtABtxp2.pm
SUNWdticn Dtactn.l_m.bm
SUNWdticn Dtactn.l.bm
SUNWdticn Dtactn.l.pm
SUNWdticn Dtactn.m_m.bm
SUNWdticn Dtactn.m.bm
SUNWdticn Dtactn.m.pm
SUNWdticn Dtactn.t_m.bm
SUNWdticn Dtactn.t.bm
SUNWdticn Dtactn.t.pm
SUNWdticn Dtadskt.l.pm
SUNWdticn Dtadskt.m_m.bm
SUNWdticn Dtadskt.m.bm
SUNWdticn Dtadskt.m.pm
SUNWdticn Dtadskt.t_m.bm
SUNWdticn Dtadskt.t.bm
SUNWdticn Dtadskt.t.pm
SUNWdticn Dtagen.l_m.bm
SUNWdticn Dtagen.l.bm
SUNWdticn Dtagen.l.pm
SUNWdticn Dtagen.m_m.bm
SUNWdticn Dtagen.m.bm
SUNWdticn Dtagen.m.pm
SUNWdticn Dtagen.t_m.bm
SUNWdticn Dtagen.t.bm
SUNWdticn Dtagen.t.pm
SUNWdticn Dtagup.m_m.bm
SUNWdticn Dtagup.m.bm
SUNWdticn Dtagup.m.pm
SUNWdticn Dtagup.t_m.bm
SUNWdticn Dtagup.t.bm
SUNWdticn Dtagup.t.pm
SUNWdticn Dtainfo.l.pm
SUNWdticn Dtainfo.m_m.bm
SUNWdticn Dtainfo.m.bm
SUNWdticn Dtainfo.m.pm
SUNWdticn Dtainfo.t_m.bm
SUNWdticn Dtainfo.t.bm
SUNWdticn Dtainfo.t.pm
SUNWdticn Dtapps.m_m.bm
SUNWdticn Dtapps.m.bm
SUNWdticn Dtapps.m.pm
SUNWdticn Dtapps.t_m.bm
SUNWdticn Dtapps.t.bm
SUNWdticn Dtapps.t.pm
SUNWdticn Dtassem.m_m.bm
SUNWdticn Dtassem.m.bm
SUNWdticn Dtassem.m.pm
SUNWdticn Dtassem.t_m.bm
SUNWdticn Dtassem.t.bm
SUNWdticn Dtassem.t.pm
SUNWdticn Dtasys.l.pm
SUNWdticn Dtasys.m_m.bm
SUNWdticn Dtasys.m.bm
SUNWdticn Dtasys.m.pm
SUNWdticn Dtasys.t_m.bm
SUNWdticn Dtasys.t.bm
SUNWdticn Dtasys.t.pm
SUNWdticn Dtaudio.m_m.bm
SUNWdticn Dtaudio.m.bm
SUNWdticn Dtaudio.m.pm
SUNWdticn Dtaudio.t_m.bm
SUNWdticn Dtaudio.t.bm
SUNWdticn Dtaudio.t.pm
SUNWdticn Dtautil.l.pm
SUNWdticn Dtautil.m_m.bm
SUNWdticn Dtautil.m.bm
SUNWdticn Dtautil.m.pm
SUNWdticn Dtautil.t_m.bm
SUNWdticn Dtautil.t.bm
SUNWdticn Dtautil.t.pm
SUNWdticn DtBeep_m.bm
SUNWdticn DtBeep.bm
SUNWdticn DtBeep.pm
SUNWdticn DtBento.l_m.bm
SUNWdticn DtBento.l.bm
SUNWdticn DtBento.l.pm
SUNWdticn DtBento.m_m.bm
SUNWdticn DtBento.m.bm
SUNWdticn DtBento.m.pm
SUNWdticn DtBento.t_m.bm
SUNWdticn DtBento.t.bm
SUNWdticn DtBento.t.pm
SUNWdticn DtbigM.m_m.bm
SUNWdticn DtbigM.m.bm
SUNWdticn DtbigM.m.pm
SUNWdticn DtbigM.t_m.bm
SUNWdticn DtbigM.t.bm
SUNWdticn DtbigM.t.pm
SUNWdticn Dtbin.m_m.bm
SUNWdticn Dtbin.m.bm
SUNWdticn Dtbin.m.pm
SUNWdticn Dtbin.t_m.bm
SUNWdticn Dtbin.t.bm
SUNWdticn Dtbin.t.pm
SUNWdticn Dtbinml.m_m.bm
SUNWdticn Dtbinml.m.bm
SUNWdticn Dtbinml.m.pm
SUNWdticn Dtbinml.t_m.bm
SUNWdticn Dtbinml.t.bm
SUNWdticn Dtbinml.t.pm
SUNWdticn Dtbitmp.m_m.bm
SUNWdticn Dtbitmp.m.bm
SUNWdticn Dtbitmp.m.pm
SUNWdticn Dtbitmp.t_m.bm
SUNWdticn Dtbitmp.t.bm
SUNWdticn Dtbitmp.t.pm
SUNWdticn DtBkdrp_m.bm
SUNWdticn DtBkdrp.bm
SUNWdticn DtBkdrp.pm
SUNWdticn DtBldr.l_m.bm
SUNWdticn DtBldr.l.bm
SUNWdticn DtBldr.l.pm
SUNWdticn DtBldr.m_m.bm
SUNWdticn DtBldr.m.bm
SUNWdticn DtBldr.m.pm
SUNWdticn DtBldr.t_m.bm
SUNWdticn DtBldr.t.bm
SUNWdticn DtBldr.t.pm
SUNWdticn DtBldrA_m.bm
SUNWdticn DtBldrA.bm
SUNWdticn DtBldrA.pm
SUNWdticn Dtblink.m_m.bm
SUNWdticn Dtblink.m.bm
SUNWdticn Dtblink.m.pm
SUNWdticn Dtblink.t_m.bm
SUNWdticn Dtblink.t.bm
SUNWdticn Dtblink.t.pm
SUNWdticn Dtbshll.m_m.bm
SUNWdticn Dtbshll.m.bm
SUNWdticn Dtbshll.m.pm
SUNWdticn Dtbshll.t_m.bm
SUNWdticn Dtbshll.t.bm
SUNWdticn Dtbshll.t.pm
SUNWdticn DtC++.m_m.bm
SUNWdticn DtC++.m.bm
SUNWdticn DtC++.m.pm
SUNWdticn DtC++.t_m.bm
SUNWdticn DtC++.t.bm
SUNWdticn DtC++.t.pm
SUNWdticn Dtcalc.l_m.bm
SUNWdticn Dtcalc.l.bm
SUNWdticn Dtcalc.l.pm
SUNWdticn Dtcalc.m_m.bm
SUNWdticn Dtcalc.m.bm
SUNWdticn Dtcalc.m.pm
SUNWdticn Dtcalc.t_m.bm
SUNWdticn Dtcalc.t.bm
SUNWdticn Dtcalc.t.pm
SUNWdticn Dtcat.m_m.bm
SUNWdticn Dtcat.m.bm
SUNWdticn Dtcat.m.pm
SUNWdticn Dtcat.t_m.bm
SUNWdticn Dtcat.t.bm
SUNWdticn Dtcat.t.pm
SUNWdticn Dtclock.m_m.bm
SUNWdticn Dtclock.m.bm
SUNWdticn Dtclock.m.pm
SUNWdticn Dtclock.t_m.bm
SUNWdticn Dtclock.t.bm
SUNWdticn Dtclock.t.pm
SUNWdticn DtCM.m_m.bm
SUNWdticn DtCM.m.bm
SUNWdticn DtCM.m.pm
SUNWdticn DtCM.t_m.bm
SUNWdticn DtCM.t.bm
SUNWdticn DtCM.t.pm
SUNWdticn DtCMa_m.bm
SUNWdticn DtCMa.bm
SUNWdticn DtCMa.pm
SUNWdticn DtCMapt.l_m.bm
SUNWdticn DtCMapt.l.bm
SUNWdticn DtCMapt.l.pm
SUNWdticn DtCMapt.m_m.bm
SUNWdticn DtCMapt.m.bm
SUNWdticn DtCMapt.m.pm
SUNWdticn DtCMapt.s.pm
SUNWdticn DtCMapt.t_m.bm
SUNWdticn DtCMapt.t.bm
SUNWdticn DtCMapt.t.pm
SUNWdticn DtCMark.m_m.bm
SUNWdticn DtCMark.m.bm
SUNWdticn DtCMark.m.pm
SUNWdticn DtCMark.t_m.bm
SUNWdticn DtCMark.t.bm
SUNWdticn DtCMark.t.pm
SUNWdticn DtCMday.s.pm
SUNWdticn DtCMdnd.m.pm
SUNWdticn DtCMmth.s.pm
SUNWdticn Dtcmprs.m_m.bm
SUNWdticn Dtcmprs.m.bm
SUNWdticn Dtcmprs.m.pm
SUNWdticn Dtcmprs.t_m.bm
SUNWdticn Dtcmprs.t.bm
SUNWdticn Dtcmprs.t.pm
SUNWdticn DtCMtdo.l_m.bm
SUNWdticn DtCMtdo.l.bm
SUNWdticn DtCMtdo.l.pm
SUNWdticn DtCMtdo.m_m.bm
SUNWdticn DtCMtdo.m.bm
SUNWdticn DtCMtdo.m.pm
SUNWdticn DtCMtdo.s.pm
SUNWdticn DtCMtdo.t_m.bm
SUNWdticn DtCMtdo.t.bm
SUNWdticn DtCMtdo.t.pm
SUNWdticn DtCMwk.s.pm
SUNWdticn DtCMyr.s.pm
SUNWdticn DtColor_m.bm
SUNWdticn DtColor.bm
SUNWdticn DtColor.pm
SUNWdticn Dtcore.m_m.bm
SUNWdticn Dtcore.m.bm
SUNWdticn Dtcore.m.pm
SUNWdticn Dtcore.t_m.bm
SUNWdticn Dtcore.t.bm
SUNWdticn Dtcore.t.pm
SUNWdticn Dtcshll.m_m.bm
SUNWdticn Dtcshll.m.bm
SUNWdticn Dtcshll.m.pm
SUNWdticn Dtcshll.t_m.bm
SUNWdticn Dtcshll.t.bm
SUNWdticn Dtcshll.t.pm
SUNWdticn Dtdata.m_m.bm
SUNWdticn Dtdata.m.bm
SUNWdticn Dtdata.m.pm
SUNWdticn Dtdata.s.pm
SUNWdticn Dtdata.t_m.bm
SUNWdticn Dtdata.t.bm
SUNWdticn Dtdata.t.pm
SUNWdticn Dtdeflt.l_m.bm
SUNWdticn Dtdeflt.l.bm
SUNWdticn Dtdeflt.l.pm
SUNWdticn Dtdeflt.m_m.bm
SUNWdticn Dtdeflt.m.bm
SUNWdticn Dtdeflt.m.pm
SUNWdticn Dtdeflt.t_m.bm
SUNWdticn Dtdeflt.t.bm
SUNWdticn Dtdeflt.t.pm
SUNWdticn Dtdgclk.m.bm
SUNWdticn Dtdgclk.m.pm
SUNWdticn Dtdgclk.t.bm
SUNWdticn Dtdgclk.t.pm
SUNWdticn DtdirB.m_m.bm
SUNWdticn DtdirB.m.bm
SUNWdticn DtdirB.m.pm
SUNWdticn DtdirB.t_m.bm
SUNWdticn DtdirB.t.bm
SUNWdticn DtdirB.t.pm
SUNWdticn Dtdirlk.l_m.bm
SUNWdticn Dtdirlk.l.bm
SUNWdticn Dtdirlk.l.pm
SUNWdticn Dtdirlk.m_m.bm
SUNWdticn Dtdirlk.m.bm
SUNWdticn Dtdirlk.m.pm
SUNWdticn Dtdirlk.t_m.bm
SUNWdticn Dtdirlk.t.bm
SUNWdticn Dtdirlk.t.pm
SUNWdticn Dtdirnw.l_m.bm
SUNWdticn Dtdirnw.l.bm
SUNWdticn Dtdirnw.l.pm
SUNWdticn Dtdirnw.m_m.bm
SUNWdticn Dtdirnw.m.bm
SUNWdticn Dtdirnw.m.pm
SUNWdticn Dtdirnw.t_m.bm
SUNWdticn Dtdirnw.t.bm
SUNWdticn Dtdirnw.t.pm
SUNWdticn DtdirR.m_m.bm
SUNWdticn DtdirR.m.bm
SUNWdticn DtdirR.m.pm
SUNWdticn DtdirR.t_m.bm
SUNWdticn DtdirR.t.bm
SUNWdticn DtdirR.t.pm
SUNWdticn Dtdirup.m_m.bm
SUNWdticn Dtdirup.m.bm
SUNWdticn Dtdirup.m.pm
SUNWdticn Dtdirup.t_m.bm
SUNWdticn Dtdirup.t.bm
SUNWdticn Dtdirup.t.pm
SUNWdticn DtdirY.m_m.bm
SUNWdticn DtdirY.m.bm
SUNWdticn DtdirY.m.pm
SUNWdticn DtdirY.t_m.bm
SUNWdticn DtdirY.t.bm
SUNWdticn DtdirY.t.pm
SUNWdticn DtdotC.m_m.bm
SUNWdticn DtdotC.m.bm
SUNWdticn DtdotC.m.pm
SUNWdticn DtdotC.t_m.bm
SUNWdticn DtdotC.t.bm
SUNWdticn DtdotC.t.pm
SUNWdticn DtdotH.m_m.bm
SUNWdticn DtdotH.m.bm
SUNWdticn DtdotH.m.pm
SUNWdticn DtdotH.t_m.bm
SUNWdticn DtdotH.t.bm
SUNWdticn DtdotH.t.pm
SUNWdticn Dtdt.m_m.bm
SUNWdticn Dtdt.m.bm
SUNWdticn Dtdt.m.pm
SUNWdticn Dtdt.t_m.bm
SUNWdticn Dtdt.t.bm
SUNWdticn Dtdt.t.pm
SUNWdticn Dtdtksh.m_m.bm
SUNWdticn Dtdtksh.m.bm
SUNWdticn Dtdtksh.m.pm
SUNWdticn Dtdtksh.t_m.bm
SUNWdticn Dtdtksh.t.bm
SUNWdticn Dtdtksh.t.pm
SUNWdticn DtDtwm_m.bm
SUNWdticn DtDtwm.bm
SUNWdticn DtDtwm.pm
SUNWdticn Dtexec.m_m.bm
SUNWdticn Dtexec.m.bm
SUNWdticn Dtexec.m.pm
SUNWdticn Dtexec.t_m.bm
SUNWdticn Dtexec.t.bm
SUNWdticn Dtexec.t.pm
SUNWdticn DtFlag.m_m.bm
SUNWdticn DtFlag.m.bm
SUNWdticn DtFlag.m.pm
SUNWdticn DtFlag.t_m.bm
SUNWdticn DtFlag.t.bm
SUNWdticn DtFlag.t.pm
SUNWdticn DtFont_m.bm
SUNWdticn DtFont.bm
SUNWdticn DtFont.pm
SUNWdticn Dtfpcfg.m_m.bm
SUNWdticn Dtfpcfg.m.bm
SUNWdticn Dtfpcfg.m.pm
SUNWdticn Dtfpcfg.t_m.bm
SUNWdticn Dtfpcfg.t.bm
SUNWdticn Dtfpcfg.t.pm
SUNWdticn Dtfphlp.m_m.bm
SUNWdticn Dtfphlp.m.bm
SUNWdticn Dtfphlp.m.pm
SUNWdticn Dtfphlp.t_m.bm
SUNWdticn Dtfphlp.t.bm
SUNWdticn Dtfphlp.t.pm
SUNWdticn Dtgif.m_m.bm
SUNWdticn Dtgif.m.bm
SUNWdticn Dtgif.m.pm
SUNWdticn Dtgif.t_m.bm
SUNWdticn Dtgif.t.bm
SUNWdticn Dtgif.t.pm
SUNWdticn Dthelp.m_m.bm
SUNWdticn Dthelp.m.bm
SUNWdticn Dthelp.m.pm
SUNWdticn Dthelp.t_m.bm
SUNWdticn Dthelp.t.bm
SUNWdticn Dthelp.t.pm
SUNWdticn Dthgraphic.bm
SUNWdticn Dthinfo.l_m.bm
SUNWdticn Dthinfo.l.bm
SUNWdticn Dthinfo.l.pm
SUNWdticn Dthinfo.m_m.bm
SUNWdticn Dthinfo.m.bm
SUNWdticn Dthinfo.m.pm
SUNWdticn Dthinfo.t_m.bm
SUNWdticn Dthinfo.t.bm
SUNWdticn Dthinfo.t.pm
SUNWdticn Dthitem.l_m.bm
SUNWdticn Dthitem.l.bm
SUNWdticn Dthitem.l.pm
SUNWdticn Dthitem.m_m.bm
SUNWdticn Dthitem.m.bm
SUNWdticn Dthitem.m.pm
SUNWdticn Dthitem.t_m.bm
SUNWdticn Dthitem.t.bm
SUNWdticn Dthitem.t.pm
SUNWdticn Dthome.m_m.bm
SUNWdticn Dthome.m.bm
SUNWdticn Dthome.m.pm
SUNWdticn Dthome.t_m.bm
SUNWdticn Dthome.t.bm
SUNWdticn Dthome.t.pm
SUNWdticn DthonFP.l_m.bm
SUNWdticn DthonFP.l.bm
SUNWdticn DthonFP.l.pm
SUNWdticn DthonFP.m_m.bm
SUNWdticn DthonFP.m.bm
SUNWdticn DthonFP.m.pm
SUNWdticn DthonFP.t_m.bm
SUNWdticn DthonFP.t.bm
SUNWdticn DthonFP.t.pm
SUNWdticn Dthover.l_m.bm
SUNWdticn Dthover.l.bm
SUNWdticn Dthover.l.pm
SUNWdticn Dthover.m_m.bm
SUNWdticn Dthover.m.bm
SUNWdticn Dthover.m.pm
SUNWdticn Dthover.t_m.bm
SUNWdticn Dthover.t.bm
SUNWdticn Dthover.t.pm
SUNWdticn Dthsrc.m_m.bm
SUNWdticn Dthsrc.m.bm
SUNWdticn Dthsrc.m.pm
SUNWdticn Dthsrc.t_m.bm
SUNWdticn Dthsrc.t.bm
SUNWdticn Dthsrc.t.pm
SUNWdticn Dthtop.m_m.bm
SUNWdticn Dthtop.m.bm
SUNWdticn Dthtop.m.pm
SUNWdticn Dthtop.t_m.bm
SUNWdticn Dthtop.t.bm
SUNWdticn Dthtop.t.pm
SUNWdticn Dthvol.m_m.bm
SUNWdticn Dthvol.m.bm
SUNWdticn Dthvol.m.pm
SUNWdticn Dthvol.t_m.bm
SUNWdticn Dthvol.t.bm
SUNWdticn Dthvol.t.pm
SUNWdticn Dtimage.m_m.bm
SUNWdticn Dtimage.m.bm
SUNWdticn Dtimage.m.pm
SUNWdticn Dtimage.s.pm
SUNWdticn Dtimage.t_m.bm
SUNWdticn Dtimage.t.bm
SUNWdticn Dtimage.t.pm
SUNWdticn Dtimake.m_m.bm
SUNWdticn Dtimake.m.bm
SUNWdticn Dtimake.m.pm
SUNWdticn Dtimake.t_m.bm
SUNWdticn Dtimake.t.bm
SUNWdticn Dtimake.t.pm
SUNWdticn Dtinf.m_m.bm
SUNWdticn Dtinf.m.bm
SUNWdticn Dtinf.m.pm
SUNWdticn Dtinf.t_m.bm
SUNWdticn Dtinf.t.bm
SUNWdticn Dtinf.t.pm
SUNWdticn Dtinfbk.m_m.bm
SUNWdticn Dtinfbk.m.bm
SUNWdticn Dtinfbk.m.pm
SUNWdticn Dtinfbk.t_m.bm
SUNWdticn Dtinfbk.t.bm
SUNWdticn Dtinfbk.t.pm
SUNWdticn Dtjpeg.m_m.bm
SUNWdticn Dtjpeg.m.bm
SUNWdticn Dtjpeg.m.pm
SUNWdticn Dtjpeg.t_m.bm
SUNWdticn Dtjpeg.t.bm
SUNWdticn Dtjpeg.t.pm
SUNWdticn Dtjpegi.m_m.bm
SUNWdticn Dtjpegi.m.bm
SUNWdticn Dtjpegi.m.pm
SUNWdticn Dtjpegi.t_m.bm
SUNWdticn Dtjpegi.t.bm
SUNWdticn Dtjpegi.t.pm
SUNWdticn Dtkey.m_m.bm
SUNWdticn Dtkey.m.bm
SUNWdticn Dtkey.m.pm
SUNWdticn Dtkey.t_m.bm
SUNWdticn Dtkey.t.bm
SUNWdticn Dtkey.t.pm
SUNWdticn DtKeybd_m.bm
SUNWdticn DtKeybd.bm
SUNWdticn DtKeybd.pm
SUNWdticn Dtkshll.m_m.bm
SUNWdticn Dtkshll.m.bm
SUNWdticn Dtkshll.m.pm
SUNWdticn Dtkshll.t_m.bm
SUNWdticn Dtkshll.t.bm
SUNWdticn Dtkshll.t.pm
SUNWdticn Dtlink.m_m.bm
SUNWdticn Dtlink.m.bm
SUNWdticn Dtlink.m.pm
SUNWdticn Dtlink.t_m.bm
SUNWdticn Dtlink.t.bm
SUNWdticn Dtlink.t.pm
SUNWdticn Dtload.m_m.bm
SUNWdticn Dtload.m.bm
SUNWdticn Dtload.m.pm
SUNWdticn Dtload.t_m.bm
SUNWdticn Dtload.t.bm
SUNWdticn Dtload.t.pm
SUNWdticn DtMa_m.bm
SUNWdticn DtMa.bm
SUNWdticn DtMa.pm
SUNWdticn Dtmagtp.m_m.bm
SUNWdticn Dtmagtp.m.bm
SUNWdticn Dtmagtp.m.pm
SUNWdticn Dtmagtp.t_m.bm
SUNWdticn Dtmagtp.t.bm
SUNWdticn Dtmagtp.t.pm
SUNWdticn DtMail.l_m.bm
SUNWdticn DtMail.l.bm
SUNWdticn DtMail.l.pm
SUNWdticn DtMail.m_m.bm
SUNWdticn DtMail.m.bm
SUNWdticn DtMail.m.pm
SUNWdticn DtMail.t_m.bm
SUNWdticn DtMail.t.bm
SUNWdticn DtMail.t.pm
SUNWdticn Dtmanpg.m_m.bm
SUNWdticn Dtmanpg.m.bm
SUNWdticn Dtmanpg.m.pm
SUNWdticn Dtmanpg.t_m.bm
SUNWdticn Dtmanpg.t.bm
SUNWdticn Dtmanpg.t.pm
SUNWdticn Dtmanvw.m_m.bm
SUNWdticn Dtmanvw.m.bm
SUNWdticn Dtmanvw.m.pm
SUNWdticn Dtmanvw.t_m.bm
SUNWdticn Dtmanvw.t.bm
SUNWdticn Dtmanvw.t.pm
SUNWdticn DtMdl.l_m.bm
SUNWdticn DtMdl.l.bm
SUNWdticn DtMdl.l.pm
SUNWdticn DtMdl.m_m.bm
SUNWdticn DtMdl.m.bm
SUNWdticn DtMdl.m.pm
SUNWdticn DtMdl.t_m.bm
SUNWdticn DtMdl.t.bm
SUNWdticn DtMdl.t.pm
SUNWdticn Dtmime.m_m.bm
SUNWdticn Dtmime.m.bm
SUNWdticn Dtmime.m.pm
SUNWdticn Dtmime.t_m.bm
SUNWdticn Dtmime.t.bm
SUNWdticn Dtmime.t.pm
SUNWdticn Dtminus.m.pm
SUNWdticn DtMmsg.l_m.bm
SUNWdticn DtMmsg.l.bm
SUNWdticn DtMmsg.l.pm
SUNWdticn DtMmsg.m_m.bm
SUNWdticn DtMmsg.m.bm
SUNWdticn DtMmsg.m.pm
SUNWdticn DtMmsg.t_m.bm
SUNWdticn DtMmsg.t.bm
SUNWdticn DtMmsg.t.pm
SUNWdticn DtMnew.l_m.bm
SUNWdticn DtMnew.l.bm
SUNWdticn DtMnew.l.pm
SUNWdticn DtMnew.m_m.bm
SUNWdticn DtMnew.m.bm
SUNWdticn DtMnew.m.pm
SUNWdticn DtMnew.t_m.bm
SUNWdticn DtMnew.t.bm
SUNWdticn DtMnew.t.pm
SUNWdticn DtMnone.l_m.bm
SUNWdticn DtMnone.l.bm
SUNWdticn DtMnone.l.pm
SUNWdticn DtMnone.m_m.bm
SUNWdticn DtMnone.m.bm
SUNWdticn DtMnone.m.pm
SUNWdticn DtMnone.t_m.bm
SUNWdticn DtMnone.t.bm
SUNWdticn DtMnone.t.pm
SUNWdticn DtMouse_m.bm
SUNWdticn DtMouse.bm
SUNWdticn DtMouse.pm
SUNWdticn Dtmpeg.m_m.bm
SUNWdticn Dtmpeg.m.bm
SUNWdticn Dtmpeg.m.pm
SUNWdticn Dtmpeg.t_m.bm
SUNWdticn Dtmpeg.t.bm
SUNWdticn Dtmpeg.t.pm
SUNWdticn DtMrfc.l_m.bm
SUNWdticn DtMrfc.l.bm
SUNWdticn DtMrfc.l.pm
SUNWdticn DtMrfc.m_m.bm
SUNWdticn DtMrfc.m.bm
SUNWdticn DtMrfc.m.pm
SUNWdticn DtMrfc.t_m.bm
SUNWdticn DtMrfc.t.bm
SUNWdticn DtMrfc.t.pm
SUNWdticn Dtms2B.bm
SUNWdticn Dtms2BR.bm
SUNWdticn Dtms3B.bm
SUNWdticn Dtms3BR.bm
SUNWdticn Dtpaint.l_m.bm
SUNWdticn Dtpaint.l.bm
SUNWdticn Dtpaint.l.pm
SUNWdticn Dtpaint.m_m.bm
SUNWdticn Dtpaint.m.bm
SUNWdticn Dtpaint.m.pm
SUNWdticn Dtpaint.t_m.bm
SUNWdticn Dtpaint.t.bm
SUNWdticn Dtpaint.t.pm
SUNWdticn Dtpcl.m_m.bm
SUNWdticn Dtpcl.m.bm
SUNWdticn Dtpcl.m.pm
SUNWdticn Dtpcl.t_m.bm
SUNWdticn Dtpcl.t.bm
SUNWdticn Dtpcl.t.pm
SUNWdticn Dtpenpd.m_m.bm
SUNWdticn Dtpenpd.m.bm
SUNWdticn Dtpenpd.m.pm
SUNWdticn Dtpenpd.t_m.bm
SUNWdticn Dtpenpd.t.bm
SUNWdticn Dtpenpd.t.pm
SUNWdticn Dtpixmp.m_m.bm
SUNWdticn Dtpixmp.m.bm
SUNWdticn Dtpixmp.m.pm
SUNWdticn Dtpixmp.t_m.bm
SUNWdticn Dtpixmp.t.bm
SUNWdticn Dtpixmp.t.pm
SUNWdticn Dtplus.m.pm
SUNWdticn DtPrtjb.m_m.bm
SUNWdticn DtPrtjb.m.bm
SUNWdticn DtPrtjb.m.pm
SUNWdticn DtPrtjb.t_m.bm
SUNWdticn DtPrtjb.t.bm
SUNWdticn DtPrtjb.t.pm
SUNWdticn DtPrtmg.m_m.bm
SUNWdticn DtPrtmg.m.bm
SUNWdticn DtPrtmg.m.pm
SUNWdticn DtPrtmg.t_m.bm
SUNWdticn DtPrtmg.t.bm
SUNWdticn DtPrtmg.t.pm
SUNWdticn DtPrtpr.m_m.bm
SUNWdticn DtPrtpr.m.bm
SUNWdticn DtPrtpr.m.pm
SUNWdticn DtPrtpr.t_m.bm
SUNWdticn DtPrtpr.t.bm
SUNWdticn DtPrtpr.t.pm
SUNWdticn DtPrtun.l_m.bm
SUNWdticn DtPrtun.l.bm
SUNWdticn DtPrtun.l.pm
SUNWdticn DtPrtun.m_m.bm
SUNWdticn DtPrtun.m.bm
SUNWdticn DtPrtun.m.pm
SUNWdticn DtPrtun.t_m.bm
SUNWdticn DtPrtun.t.bm
SUNWdticn DtPrtun.t.pm
SUNWdticn Dtps.m_m.bm
SUNWdticn Dtps.m.bm
SUNWdticn Dtps.m.pm
SUNWdticn Dtps.t_m.bm
SUNWdticn Dtps.t.bm
SUNWdticn Dtps.t.pm
SUNWdticn Dtras.m_m.bm
SUNWdticn Dtras.m.bm
SUNWdticn Dtras.m.pm
SUNWdticn Dtras.t_m.bm
SUNWdticn Dtras.t.bm
SUNWdticn Dtras.t.pm
SUNWdticn DtRdMe.m_m.bm
SUNWdticn DtRdMe.m.bm
SUNWdticn DtRdMe.m.pm
SUNWdticn DtRdMe.t_m.bm
SUNWdticn DtRdMe.t.bm
SUNWdticn DtRdMe.t.pm
SUNWdticn Dtrunpn.l_m.bm
SUNWdticn Dtrunpn.l.bm
SUNWdticn Dtrunpn.l.pm
SUNWdticn Dtrunpn.m_m.bm
SUNWdticn Dtrunpn.m.bm
SUNWdticn Dtrunpn.m.pm
SUNWdticn Dtrunpn.t_m.bm
SUNWdticn Dtrunpn.t.bm
SUNWdticn Dtrunpn.t.pm
SUNWdticn Dtsatur.bm
SUNWdticn DtScrn_m.bm
SUNWdticn DtScrn.bm
SUNWdticn DtScrn.pm
SUNWdticn Dtshar.m_m.bm
SUNWdticn Dtshar.m.bm
SUNWdticn Dtshar.m.pm
SUNWdticn Dtshar.t_m.bm
SUNWdticn Dtshar.t.bm
SUNWdticn Dtshar.t.pm
SUNWdticn Dtshell.m_m.bm
SUNWdticn Dtshell.m.bm
SUNWdticn Dtshell.m.pm
SUNWdticn Dtshell.st_m.bm
SUNWdticn Dtshell.st.bm
SUNWdticn Dtshell.t_m.bm
SUNWdticn Dtshell.t.bm
SUNWdticn Dtshell.t.pm
SUNWdticn Dtsprds.m_m.bm
SUNWdticn Dtsprds.m.bm
SUNWdticn Dtsprds.m.pm
SUNWdticn Dtsprds.t_m.bm
SUNWdticn Dtsprds.t.bm
SUNWdticn Dtsprds.t.pm
SUNWdticn DtStart_m.bm
SUNWdticn DtStart.bm
SUNWdticn DtStart.pm
SUNWdticn Dtstyle.m_m.bm
SUNWdticn Dtstyle.m.bm
SUNWdticn Dtstyle.m.pm
SUNWdticn Dtstyle.t_m.bm
SUNWdticn Dtstyle.t.bm
SUNWdticn Dtstyle.t.pm
SUNWdticn Dtterm.l_m.bm
SUNWdticn Dtterm.l.bm
SUNWdticn Dtterm.l.pm
SUNWdticn Dtterm.m_m.bm
SUNWdticn Dtterm.m.bm
SUNWdticn Dtterm.m.pm
SUNWdticn Dtterm.t_m.bm
SUNWdticn Dtterm.t.bm
SUNWdticn Dtterm.t.pm
SUNWdticn Dttif.m_m.bm
SUNWdticn Dttif.m.bm
SUNWdticn Dttif.m.pm
SUNWdticn Dttif.t_m.bm
SUNWdticn Dttif.t.bm
SUNWdticn Dttif.t.pm
SUNWdticn Dttrsh.m_m.bm
SUNWdticn Dttrsh.m.bm
SUNWdticn Dttrsh.m.pm
SUNWdticn Dttrsh.t_m.bm
SUNWdticn Dttrsh.t.bm
SUNWdticn Dttrsh.t.pm
SUNWdticn Dttvbth.l.bm
SUNWdticn Dttvbth.l.pm
SUNWdticn Dttvbth.m.bm
SUNWdticn Dttvbth.m.pm
SUNWdticn Dttvbth.s.bm
SUNWdticn Dttvbth.s.pm
SUNWdticn Dttvemp.l.bm
SUNWdticn Dttvemp.l.pm
SUNWdticn Dttvemp.m.bm
SUNWdticn Dttvemp.m.pm
SUNWdticn Dttvemp.s.bm
SUNWdticn Dttvemp.s.pm
SUNWdticn Dttverr.l.bm
SUNWdticn Dttverr.l.pm
SUNWdticn Dttverr.m.bm
SUNWdticn Dttverr.m.pm
SUNWdticn Dttverr.s.bm
SUNWdticn Dttverr.s.pm
SUNWdticn Dttvlss.l.bm
SUNWdticn Dttvlss.l.pm
SUNWdticn Dttvlss.m.bm
SUNWdticn Dttvlss.m.pm
SUNWdticn Dttvlss.s.bm
SUNWdticn Dttvlss.s.pm
SUNWdticn Dttvmor.l.bm
SUNWdticn Dttvmor.l.pm
SUNWdticn Dttvmor.m.bm
SUNWdticn Dttvmor.m.pm
SUNWdticn Dttvmor.s.bm
SUNWdticn Dttvmor.s.pm
SUNWdticn Dttvnil.l.bm
SUNWdticn Dttvnil.l.pm
SUNWdticn Dttvnil.m.bm
SUNWdticn Dttvnil.m.pm
SUNWdticn Dttvnil.s.bm
SUNWdticn Dttvnil.s.pm
SUNWdticn Dttvnor.l.bm
SUNWdticn Dttvnor.l.pm
SUNWdticn Dttvnor.m.bm
SUNWdticn Dttvnor.m.pm
SUNWdticn Dttvnor.s.bm
SUNWdticn Dttvnor.s.pm
SUNWdticn Dtuil.m_m.bm
SUNWdticn Dtuil.m.bm
SUNWdticn Dtuil.m.pm
SUNWdticn Dtuil.t_m.bm
SUNWdticn Dtuil.t.bm
SUNWdticn Dtuil.t.pm
SUNWdticn Dtuuncd.m_m.bm
SUNWdticn Dtuuncd.m.bm
SUNWdticn Dtuuncd.m.pm
SUNWdticn Dtuuncd.t_m.bm
SUNWdticn Dtuuncd.t.bm
SUNWdticn Dtuuncd.t.pm
SUNWdticn Dtvalue.bm
SUNWdticn Dtxwd.m_m.bm
SUNWdticn Dtxwd.m.bm
SUNWdticn Dtxwd.m.pm
SUNWdticn Dtxwd.t_m.bm
SUNWdticn Dtxwd.t.bm
SUNWdticn Dtxwd.t.pm
SUNWdticn Fpapps.l_m.bm
SUNWdticn Fpapps.l.bm
SUNWdticn Fpapps.l.pm
SUNWdticn Fpapps.m_m.bm
SUNWdticn Fpapps.m.bm
SUNWdticn Fpapps.m.pm
SUNWdticn Fpapps.t_m.bm
SUNWdticn Fpapps.t.bm
SUNWdticn Fpapps.t.pm
SUNWdticn Fpblank.l.pm
SUNWdticn Fpblank.m.pm
SUNWdticn FpblnkA.l.pm
SUNWdticn FpblnkA.m.pm
SUNWdticn FpblnkS.s.pm
SUNWdticn FpblnkS.t.pm
SUNWdticn Fpclock.l_m.bm
SUNWdticn Fpclock.l.bm
SUNWdticn Fpclock.l.pm
SUNWdticn Fpclock.m_m.bm
SUNWdticn Fpclock.m.bm
SUNWdticn Fpclock.m.pm
SUNWdticn Fpclock.t_m.bm
SUNWdticn Fpclock.t.bm
SUNWdticn Fpclock.t.pm
SUNWdticn FpCM.l_m.bm
SUNWdticn FpCM.l.bm
SUNWdticn FpCM.l.pm
SUNWdticn FpCM.m_m.bm
SUNWdticn FpCM.m.bm
SUNWdticn FpCM.m.pm
SUNWdticn Fpdown.l_m.bm
SUNWdticn Fpdown.l.bm
SUNWdticn Fpdown.l.pm
SUNWdticn Fpdown.m_m.bm
SUNWdticn Fpdown.m.bm
SUNWdticn Fpdown.m.pm
SUNWdticn FpdownY.l_m.bm
SUNWdticn FpdownY.l.bm
SUNWdticn FpdownY.l.pm
SUNWdticn FpdownY.m_m.bm
SUNWdticn FpdownY.m.bm
SUNWdticn FpdownY.m.pm
SUNWdticn Fpdropz.m_m.bm
SUNWdticn Fpdropz.m.bm
SUNWdticn Fpdropz.m.pm
SUNWdticn Fpdropz.t_m.bm
SUNWdticn Fpdropz.t.bm
SUNWdticn Fpdropz.t.pm
SUNWdticn Fpexit.s_m.bm
SUNWdticn Fpexit.s.bm
SUNWdticn Fpexit.s.pm
SUNWdticn Fpexit.t_m.bm
SUNWdticn Fpexit.t.bm
SUNWdticn Fpexit.t.pm
SUNWdticn Fpfphlp.l_m.bm
SUNWdticn Fpfphlp.l.bm
SUNWdticn Fpfphlp.l.pm
SUNWdticn Fpfphlp.m_m.bm
SUNWdticn Fpfphlp.m.bm
SUNWdticn Fpfphlp.m.pm
SUNWdticn Fpfphlp.t_m.bm
SUNWdticn Fpfphlp.t.bm
SUNWdticn Fpfphlp.t.pm
SUNWdticn Fpfpmin.l.bm
SUNWdticn Fpfpmin.l.pm
SUNWdticn Fpfpmin.m.bm
SUNWdticn Fpfpmin.m.pm
SUNWdticn Fphandl.l.bm
SUNWdticn Fphandl.l.pm
SUNWdticn Fphelp.l_m.bm
SUNWdticn Fphelp.l.bm
SUNWdticn Fphelp.l.pm
SUNWdticn Fphelp.m_m.bm
SUNWdticn Fphelp.m.bm
SUNWdticn Fphelp.m.pm
SUNWdticn Fphelp.t_m.bm
SUNWdticn Fphelp.t.bm
SUNWdticn Fphelp.t.pm
SUNWdticn Fphome.l_m.bm
SUNWdticn Fphome.l.bm
SUNWdticn Fphome.l.pm
SUNWdticn Fphome.m_m.bm
SUNWdticn Fphome.m.bm
SUNWdticn Fphome.m.pm
SUNWdticn Fphome.t_m.bm
SUNWdticn Fphome.t.bm
SUNWdticn Fphome.t.pm
SUNWdticn Fpindc.m_m.bm
SUNWdticn Fpindc.m.bm
SUNWdticn Fpindc.m.pm
SUNWdticn Fpindc.t_m.bm
SUNWdticn Fpindc.t.bm
SUNWdticn Fpindc.t.pm
SUNWdticn FpindcY.m_m.bm
SUNWdticn FpindcY.m.bm
SUNWdticn FpindcY.m.pm
SUNWdticn FpindcY.t_m.bm
SUNWdticn FpindcY.t.bm
SUNWdticn FpindcY.t.pm
SUNWdticn Fplite.s_m.bm
SUNWdticn Fplite.s.bm
SUNWdticn Fplite.s.pm
SUNWdticn Fplite.t_m.bm
SUNWdticn Fplite.t.bm
SUNWdticn Fplite.t.pm
SUNWdticn FpliteY.s_m.bm
SUNWdticn FpliteY.s.bm
SUNWdticn FpliteY.s.pm
SUNWdticn FpliteY.t_m.bm
SUNWdticn FpliteY.t.bm
SUNWdticn FpliteY.t.pm
SUNWdticn Fplock.s_m.bm
SUNWdticn Fplock.s.bm
SUNWdticn Fplock.s.pm
SUNWdticn Fplock.t_m.bm
SUNWdticn Fplock.t.bm
SUNWdticn Fplock.t.pm
SUNWdticn Fpmenu.l.bm
SUNWdticn Fpmenu.l.pm
SUNWdticn Fpmenu.m.bm
SUNWdticn Fpmenu.m.pm
SUNWdticn FpmenuY.l.bm
SUNWdticn FpmenuY.l.pm
SUNWdticn FpmenuY.m.bm
SUNWdticn FpmenuY.m.pm
SUNWdticn Fpmin.l.bm
SUNWdticn Fpmin.l.pm
SUNWdticn Fpmin.m.bm
SUNWdticn Fpmin.m.pm
SUNWdticn FpminY.l.bm
SUNWdticn FpminY.l.pm
SUNWdticn FpminY.m.bm
SUNWdticn FpminY.m.pm
SUNWdticn Fppenpd.l_m.bm
SUNWdticn Fppenpd.l.bm
SUNWdticn Fppenpd.l.pm
SUNWdticn Fppenpd.m_m.bm
SUNWdticn Fppenpd.m.bm
SUNWdticn Fppenpd.m.pm
SUNWdticn Fppenpd.t_m.bm
SUNWdticn Fppenpd.t.bm
SUNWdticn Fppenpd.t.pm
SUNWdticn Fpprnt.l_m.bm
SUNWdticn Fpprnt.l.bm
SUNWdticn Fpprnt.l.pm
SUNWdticn Fpprnt.m_m.bm
SUNWdticn Fpprnt.m.bm
SUNWdticn Fpprnt.m.pm
SUNWdticn Fpprnt.t_m.bm
SUNWdticn Fpprnt.t.bm
SUNWdticn Fpprnt.t.pm
SUNWdticn Fpprnt1.l_m.bm
SUNWdticn Fpprnt1.l.bm
SUNWdticn Fpprnt1.l.pm
SUNWdticn Fpprnt1.m_m.bm
SUNWdticn Fpprnt1.m.bm
SUNWdticn Fpprnt1.m.pm
SUNWdticn Fpprnt2.l_m.bm
SUNWdticn Fpprnt2.l.bm
SUNWdticn Fpprnt2.l.pm
SUNWdticn Fpprnt2.m_m.bm
SUNWdticn Fpprnt2.m.bm
SUNWdticn Fpprnt2.m.pm
SUNWdticn Fpprnt3.l_m.bm
SUNWdticn Fpprnt3.l.bm
SUNWdticn Fpprnt3.l.pm
SUNWdticn Fpprnt3.m_m.bm
SUNWdticn Fpprnt3.m.bm
SUNWdticn Fpprnt3.m.pm
SUNWdticn Fpprnt4.l_m.bm
SUNWdticn Fpprnt4.l.bm
SUNWdticn Fpprnt4.l.pm
SUNWdticn Fpprnt4.m_m.bm
SUNWdticn Fpprnt4.m.bm
SUNWdticn Fpprnt4.m.pm
SUNWdticn Fpprnt5.l_m.bm
SUNWdticn Fpprnt5.l.bm
SUNWdticn Fpprnt5.l.pm
SUNWdticn Fpprnt5.m_m.bm
SUNWdticn Fpprnt5.m.bm
SUNWdticn Fpprnt5.m.pm
SUNWdticn Fpprnt6.l_m.bm
SUNWdticn Fpprnt6.l.bm
SUNWdticn Fpprnt6.l.pm
SUNWdticn Fpprnt6.m_m.bm
SUNWdticn Fpprnt6.m.bm
SUNWdticn Fpprnt6.m.pm
SUNWdticn Fpprnt7.l_m.bm
SUNWdticn Fpprnt7.l.bm
SUNWdticn Fpprnt7.l.pm
SUNWdticn Fpprnt7.m_m.bm
SUNWdticn Fpprnt7.m.bm
SUNWdticn Fpprnt7.m.pm
SUNWdticn Fpprnt8.l_m.bm
SUNWdticn Fpprnt8.l.bm
SUNWdticn Fpprnt8.l.pm
SUNWdticn Fpprnt8.m_m.bm
SUNWdticn Fpprnt8.m.bm
SUNWdticn Fpprnt8.m.pm
SUNWdticn Fpprnt9.l_m.bm
SUNWdticn Fpprnt9.l.bm
SUNWdticn Fpprnt9.l.pm
SUNWdticn Fpprnt9.m_m.bm
SUNWdticn Fpprnt9.m.bm
SUNWdticn Fpprnt9.m.pm
SUNWdticn FpprntA.l_m.bm
SUNWdticn FpprntA.l.bm
SUNWdticn FpprntA.l.pm
SUNWdticn FpprntA.m_m.bm
SUNWdticn FpprntA.m.bm
SUNWdticn FpprntA.m.pm
SUNWdticn FpprntB.l_m.bm
SUNWdticn FpprntB.l.bm
SUNWdticn FpprntB.l.pm
SUNWdticn FpprntB.m_m.bm
SUNWdticn FpprntB.m.bm
SUNWdticn FpprntB.m.pm
SUNWdticn FpPrtmg.l_m.bm
SUNWdticn FpPrtmg.l.bm
SUNWdticn FpPrtmg.l.pm
SUNWdticn FpPrtmg.m_m.bm
SUNWdticn FpPrtmg.m.bm
SUNWdticn FpPrtmg.m.pm
SUNWdticn FpPrtmg.t_m.bm
SUNWdticn FpPrtmg.t.bm
SUNWdticn FpPrtmg.t.pm
SUNWdticn Fpstyle.l_m.bm
SUNWdticn Fpstyle.l.bm
SUNWdticn Fpstyle.l.pm
SUNWdticn Fpstyle.m_m.bm
SUNWdticn Fpstyle.m.bm
SUNWdticn Fpstyle.m.pm
SUNWdticn Fpstyle.s_m.bm
SUNWdticn Fpstyle.s.bm
SUNWdticn Fpstyle.s.pm
SUNWdticn Fpstyle.t_m.bm
SUNWdticn Fpstyle.t.bm
SUNWdticn Fpstyle.t.pm
SUNWdticn Fpterm.l_m.bm
SUNWdticn Fpterm.l.bm
SUNWdticn Fpterm.l.pm
SUNWdticn Fpterm.m_m.bm
SUNWdticn Fpterm.m.bm
SUNWdticn Fpterm.m.pm
SUNWdticn Fpterm.s_m.bm
SUNWdticn Fpterm.s.bm
SUNWdticn Fpterm.s.pm
SUNWdticn Fpterm.t_m.bm
SUNWdticn Fpterm.t.bm
SUNWdticn Fpterm.t.pm
SUNWdticn Fptrsh.l_m.bm
SUNWdticn Fptrsh.l.bm
SUNWdticn Fptrsh.l.pm
SUNWdticn Fptrsh.m_m.bm
SUNWdticn Fptrsh.m.bm
SUNWdticn Fptrsh.m.pm
SUNWdticn Fptrsh1.l_m.bm
SUNWdticn Fptrsh1.l.bm
SUNWdticn Fptrsh1.l.pm
SUNWdticn Fptrsh1.m_m.bm
SUNWdticn Fptrsh1.m.bm
SUNWdticn Fptrsh1.m.pm
SUNWdticn Fptrsh2.l_m.bm
SUNWdticn Fptrsh2.l.bm
SUNWdticn Fptrsh2.l.pm
SUNWdticn Fptrsh2.m_m.bm
SUNWdticn Fptrsh2.m.bm
SUNWdticn Fptrsh2.m.pm
SUNWdticn Fptrsh3.l_m.bm
SUNWdticn Fptrsh3.l.bm
SUNWdticn Fptrsh3.l.pm
SUNWdticn Fptrsh3.m_m.bm
SUNWdticn Fptrsh3.m.bm
SUNWdticn Fptrsh3.m.pm
SUNWdticn Fptrsh4.l_m.bm
SUNWdticn Fptrsh4.l.bm
SUNWdticn Fptrsh4.l.pm
SUNWdticn Fptrsh4.m_m.bm
SUNWdticn Fptrsh4.m.bm
SUNWdticn Fptrsh4.m.pm
SUNWdticn Fptrsh5.l_m.bm
SUNWdticn Fptrsh5.l.bm
SUNWdticn Fptrsh5.l.pm
SUNWdticn Fptrsh5.m_m.bm
SUNWdticn Fptrsh5.m.bm
SUNWdticn Fptrsh5.m.pm
SUNWdticn Fptrsh6.l_m.bm
SUNWdticn Fptrsh6.l.bm
SUNWdticn Fptrsh6.l.pm
SUNWdticn Fptrsh6.m_m.bm
SUNWdticn Fptrsh6.m.bm
SUNWdticn Fptrsh6.m.pm
SUNWdticn Fptrsh7.l_m.bm
SUNWdticn Fptrsh7.l.bm
SUNWdticn Fptrsh7.l.pm
SUNWdticn Fptrsh7.m_m.bm
SUNWdticn Fptrsh7.m.bm
SUNWdticn Fptrsh7.m.pm
SUNWdticn Fpup.l_m.bm
SUNWdticn Fpup.l.bm
SUNWdticn Fpup.l.pm
SUNWdticn Fpup.m_m.bm
SUNWdticn Fpup.m.bm
SUNWdticn Fpup.m.pm
SUNWdticn FpupY.l_m.bm
SUNWdticn FpupY.l.bm
SUNWdticn FpupY.l.pm
SUNWdticn FpupY.m_m.bm
SUNWdticn FpupY.m.bm
SUNWdticn FpupY.m.pm
SUNWdticn Golden.dp
SUNWdticn Grass.dp
SUNWdticn GrayScale.dp
SUNWdticn IcCM.l_m.bm
SUNWdticn IcCM.l.bm
SUNWdticn IcCM.l.pm
SUNWdticn IcCMinv.l.pm
SUNWdticn IcCMinv.m.pm
SUNWdticn IcMcomp.l_m.bm
SUNWdticn IcMcomp.l.bm
SUNWdticn IcMcomp.l.pm
SUNWdticn IcMcomp.m_m.bm
SUNWdticn IcMcomp.m.bm
SUNWdticn IcMcomp.m.pm
SUNWdticn IcMxbdy.l_m.bm
SUNWdticn IcMxbdy.l.bm
SUNWdticn IcMxbdy.l.pm
SUNWdticn IcMxbdy.m_m.bm
SUNWdticn IcMxbdy.m.bm
SUNWdticn IcMxbdy.m.pm
SUNWdticn Lilac.dp
SUNWdticn Mustard.dp
SUNWdticn Neptune.dp
SUNWdticn NorthernSky.dp
SUNWdticn Nutmeg.dp
SUNWdticn Olive.dp
SUNWdticn Orchid.dp
SUNWdticn palettes
SUNWdticn PBNJ.dp
SUNWdticn Sand.dp
SUNWdticn SantaFe.dp
SUNWdticn Savannah.dp
SUNWdticn SDthtml.m.pm
SUNWdticn SDthtml.t.pm
SUNWdticn SDturlweb.m.pm
SUNWdticn SDturlweb.t.pm
SUNWdticn SDtwebbr.l.pm
SUNWdticn SDtwebbr.m.pm
SUNWdticn SDtwebbr.t.pm
SUNWdticn SeaFoam.dp
SUNWdticn SkyRed.dp
SUNWdticn SoftBlue.dp
SUNWdticn SouthWest.dp
SUNWdticn Summer.dp
SUNWdticn Tundra.dp
SUNWdticn Urchin.dp
SUNWdticn usr/dt/share/palettes/desc.C
SUNWdticn usr/dt/share/palettes/desc.de_DE.UTF-8
SUNWdticn usr/dt/share/palettes/desc.es_ES.UTF-8
SUNWdticn usr/dt/share/palettes/desc.fr_FR.UTF-8
SUNWdticn usr/dt/share/palettes/desc.it_IT.UTF-8
SUNWdticn Wheat.dp
SUNWdticn White.dp
SUNWdticn WhiteBlack.dp
SUNWdtinc Action.h
SUNWdtinc ComboBox.h
SUNWdtinc csa
SUNWdtinc csa.h
SUNWdtinc Dnd.h
SUNWdtinc Dt.h
SUNWdtinc Dts.h
SUNWdtinc Editor.h
SUNWdtinc Help.h
SUNWdtinc HelpDialog.h
SUNWdtinc HelpQuickD.h
SUNWdtinc Info.h
SUNWdtinc MenuButton.h
SUNWdtinc Mmdb.h
SUNWdtinc Mrm.h
SUNWdtinc MsgLog.h
SUNWdtinc Print.h
SUNWdtinc Saver.h
SUNWdtinc Search.h
SUNWdtinc Session.h
SUNWdtinc SpinBox.h
SUNWdtinc Term.h
SUNWdtinc TermPrim.h
SUNWdtinc usr/dt/share/include/Dt
SUNWdtinc Wsm.h
SUNWdtma BIL.4
SUNWdtma csa_add_calendar.3
SUNWdtma csa_add_entry.3
SUNWdtma csa_call_callbacks.3
SUNWdtma csa_delete_calendar.3
SUNWdtma csa_delete_entry.3
SUNWdtma csa_free_time_search.3
SUNWdtma csa_free.3
SUNWdtma csa_list_calendar_attributes.3
SUNWdtma csa_list_calendars.3
SUNWdtma csa_list_entries.3
SUNWdtma csa_list_entry_attributes.3
SUNWdtma csa_list_entry_sequence.3
SUNWdtma csa_logoff.3
SUNWdtma csa_logon.3
SUNWdtma csa_look_up.3
SUNWdtma csa_query_configuration.3
SUNWdtma csa_read_calendar_attributes.3
SUNWdtma csa_read_entry_attributes.3
SUNWdtma csa_read_next_reminder.3
SUNWdtma csa_register_callback.3
SUNWdtma csa_restore.3
SUNWdtma csa_save.3
SUNWdtma csa_unregister_callback.3
SUNWdtma csa_update_calendar_attributes.3
SUNWdtma csa_update_entry_attributes.3
SUNWdtma csa_x_process_updates.3
SUNWdtma csacsa.5
SUNWdtma Deposit.4
SUNWdtma Display.4
SUNWdtma dsdm.1
SUNWdtma Dt.5
SUNWdtma dtaction.1
SUNWdtma DtAction.5
SUNWdtma dtactionaction.5
SUNWdtma DtActionCallbackProc.3
SUNWdtma DtActionDescription.3
SUNWdtma DtActionExists.3
SUNWdtma dtactionfile.4
SUNWdtma DtActionIcon.3
SUNWdtma DtActionInvoke.3
SUNWdtma DtActionLabel.3
SUNWdtma dtappaction.5
SUNWdtma dtappgather.1
SUNWdtma DtAppInitialize.3
SUNWdtma dtappintegrate.1
SUNWdtma dtbmfile.4
SUNWdtma dtbuilder.1
SUNWdtma dtbuilderaction.5
SUNWdtma dtcalc.1
SUNWdtma dtcalcaction.5
SUNWdtma dtcalendaraction.5
SUNWdtma dtchooser.1
SUNWdtma dtcm_archive.4
SUNWdtma dtcm_delete.1
SUNWdtma dtcm_editor.1
SUNWdtma dtcm_entry.4
SUNWdtma dtcm_insert.1
SUNWdtma dtcm_lookup.1
SUNWdtma dtcm.1
SUNWdtma dtcodegen.1
SUNWdtma DtComboBox.3
SUNWdtma DtComboBox.5
SUNWdtma DtComboBoxAddItem.3
SUNWdtma DtComboBoxDeletePos.3
SUNWdtma DtComboBoxSelectItem.3
SUNWdtma DtComboBoxSetItem.3
SUNWdtma dtconfig.1
SUNWdtma dtcreate.1
SUNWdtma DtCreateComboBox.3
SUNWdtma DtCreateEditor.3
SUNWdtma DtCreateHelpDialog.3
SUNWdtma DtCreateHelpQuickDialog.3
SUNWdtma DtCreateMenuButton.3
SUNWdtma DtCreatePrintSetupBox.3
SUNWdtma DtCreatePrintSetupDialog.3
SUNWdtma DtCreateSpinBox.3
SUNWdtma DtCreateTerm.3
SUNWdtma DtDbLoad.3
SUNWdtma DtDbReloadNotify.3
SUNWdtma DtDnd.5
SUNWdtma DtDndCreateSourceIcon.3
SUNWdtma DtDndDragStart.3
SUNWdtma DtDndDropRegister.3
SUNWdtma DtDndDropUnregister.3
SUNWdtma DtDndProtocol.4
SUNWdtma DtDndVaDragStart.3
SUNWdtma DtDndVaDropRegister.3
SUNWdtma dtdocbook.1
SUNWdtma dtdpfile.4
SUNWdtma dtdtfile.4
SUNWdtma DtDts.5
SUNWdtma DtDtsBufferToAttributeList.3
SUNWdtma DtDtsBufferToAttributeValue.3
SUNWdtma DtDtsBufferToDataType.3
SUNWdtma DtDtsDataToDataType.3
SUNWdtma DtDtsDataTypeIsAction.3
SUNWdtma DtDtsDataTypeNames.3
SUNWdtma DtDtsDataTypeToAttributeList.3
SUNWdtma DtDtsDataTypeToAttributeValue.3
SUNWdtma dtdtsfile.4
SUNWdtma DtDtsFileToAttributeList.3
SUNWdtma DtDtsFileToAttributeValue.3
SUNWdtma DtDtsFileToDataType.3
SUNWdtma DtDtsFindAttribute.3
SUNWdtma DtDtsFreeAttributeList.3
SUNWdtma DtDtsFreeAttributeValue.3
SUNWdtma DtDtsFreeDataType.3
SUNWdtma DtDtsFreeDataTypeNames.3
SUNWdtma DtDtsIsTrue.3
SUNWdtma DtDtsLoadDataTypes.3
SUNWdtma DtDtsRelease.3
SUNWdtma DtDtsSetDataType.3
SUNWdtma DtEditor.3
SUNWdtma DtEditor.5
SUNWdtma DtEditorAppend.3
SUNWdtma DtEditorAppendFromFile.3
SUNWdtma DtEditorChange.3
SUNWdtma DtEditorCheckForUnsavedChanges.3
SUNWdtma DtEditorClearSelection.3
SUNWdtma DtEditorCopyToClipboard.3
SUNWdtma DtEditorCutToClipboard.3
SUNWdtma DtEditorDeleteSelection.3
SUNWdtma DtEditorDeselect.3
SUNWdtma DtEditorDisableRedisplay.3
SUNWdtma DtEditorEnableRedisplay.3
SUNWdtma DtEditorFind.3
SUNWdtma DtEditorFormat.3
SUNWdtma DtEditorGetContents.3
SUNWdtma DtEditorGetInsertionPosition.3
SUNWdtma DtEditorGetLastPosition.3
SUNWdtma DtEditorGetMessageTextFieldID.3
SUNWdtma DtEditorGetSizeHints.3
SUNWdtma DtEditorGoToLine.3
SUNWdtma DtEditorInsert.3
SUNWdtma DtEditorInsertFromFile.3
SUNWdtma DtEditorInvokeFindChangeDialog.3
SUNWdtma DtEditorInvokeFormatDialog.3
SUNWdtma DtEditorInvokeSpellDialog.3
SUNWdtma DtEditorPasteFromClipboard.3
SUNWdtma DtEditorReplace.3
SUNWdtma DtEditorReplaceFromFile.3
SUNWdtma DtEditorReset.3
SUNWdtma DtEditorSaveContentsToFile.3
SUNWdtma DtEditorSelectAll.3
SUNWdtma DtEditorSetContents.3
SUNWdtma DtEditorSetContentsFromFile.3
SUNWdtma DtEditorSetInsertionPosition.3
SUNWdtma DtEditorTraverseToEditor.3
SUNWdtma DtEditorUndoEdit.3
SUNWdtma dtenvvar.5
SUNWdtma dtexec.1
SUNWdtma dtfile_config.4
SUNWdtma dtfile_copy.1
SUNWdtma dtfile_error.1
SUNWdtma dtfile.1
SUNWdtma dtfileaction.5
SUNWdtma dtfilsys.5
SUNWdtma dtfpfile.4
SUNWdtma dtfplist.1
SUNWdtma dtgreet.1
SUNWdtma dthello.1
SUNWdtma dthelp_ctag1.1
SUNWdtma dthelp_htag1.1
SUNWdtma dthelp_htag2.1
SUNWdtma DtHelp.5
SUNWdtma dthelpaction.5
SUNWdtma DtHelpDialog.3
SUNWdtma DtHelpDialog.5
SUNWdtma dthelpgen.1
SUNWdtma dthelpprint.1
SUNWdtma DtHelpQuickD.5
SUNWdtma DtHelpQuickDialog.3
SUNWdtma DtHelpQuickDialogGetChild.3
SUNWdtma DtHelpReturnSelectedWidgetId.3
SUNWdtma DtHelpSetCatalogName.3
SUNWdtma dthelptag.1
SUNWdtma dthelptagdtd.4
SUNWdtma dthelpview.1
SUNWdtma dthffile.4
SUNWdtma dticon.1
SUNWdtma dticonaction.5
SUNWdtma dticonfile.4
SUNWdtma dtimsstart.1
SUNWdtma dtimsstartaction.5
SUNWdtma DtInfo_LoadInfoLib.4
SUNWdtma DtInfo_PrintInfoAtLoc.4
SUNWdtma DtInfo_Quit.4
SUNWdtma DtInfo_ShowInfoAtLoc.4
SUNWdtma dtinfo.1
SUNWdtma dtinfoaction.5
SUNWdtma dtinfoaf.5
SUNWdtma dtinfoBookdtd.5
SUNWdtma dtinfogen.1
SUNWdtma DtInfoLib.5
SUNWdtma DtInfoShowTopic.3
SUNWdtma dtinfoStyledtd.5
SUNWdtma dtinfoTOCdtd.5
SUNWdtma DtInitialize.3
SUNWdtma dtksh.1
SUNWdtma dtlocator.4
SUNWdtma dtlogin.1
SUNWdtma dtlp.1
SUNWdtma dtmail.1
SUNWdtma dtmailaction.5
SUNWdtma dtmailpr.1
SUNWdtma dtmanaction.5
SUNWdtma DtMenuButton.3
SUNWdtma DtMenuButton.5
SUNWdtma DtMmdbBookCase.5
SUNWdtma DtMmdbBookCaseFreeInfo.3
SUNWdtma DtMmdbBookCaseGetInfo.3
SUNWdtma DtMmdbBookGetLicense.3
SUNWdtma DtMmdbBookGetLongTitle.3
SUNWdtma DtMmdbBookGetSeqNum.3
SUNWdtma DtMmdbBookGetShortTitle.3
SUNWdtma DtMmdbBookGetTabList.3
SUNWdtma DtMmdbBookGetTocObjectId.3
SUNWdtma DtMmdbCloseInfoLib.3
SUNWdtma DtMmdbDlpGetNextSectionId.3
SUNWdtma DtMmdbDlpGetPrevSectionId.3
SUNWdtma DtMmdbFreeGraphicInfo.3
SUNWdtma DtMmdbFreeHandle.3
SUNWdtma DtMmdbFreeHandleList.3
SUNWdtma DtMmdbGetBookCaseByIndex.3
SUNWdtma DtMmdbGetBookCaseByLoc.3
SUNWdtma DtMmdbGetBookCaseByLocs.3
SUNWdtma DtMmdbGetBookCaseByName.3
SUNWdtma DtMmdbGraphicGetData.3
SUNWdtma DtMmdbGraphicGetInfo.3
SUNWdtma DtMmdbGraphicInfo.5
SUNWdtma DtMmdbHandle.5
SUNWdtma DtMmdbInfoLibFreeInfo.3
SUNWdtma DtMmdbInfoLibGetInfo.3
SUNWdtma DtMmdbInfoLibInfo.5
SUNWdtma DtMmdbInfoRequest.5
SUNWdtma DtMmdbInit.3
SUNWdtma DtMmdbLocatorGetSectionLoc.3
SUNWdtma DtMmdbLocatorGetSectionObjectId.3
SUNWdtma DtMmdbOpenInfoLib.3
SUNWdtma DtMmdbQuit.3
SUNWdtma DtMmdbSectionGetBookId.3
SUNWdtma DtMmdbSectionGetData.3
SUNWdtma DtMmdbSectionGetDataSize.3
SUNWdtma DtMmdbSectionGetLoc.3
SUNWdtma DtMmdbSectionGetLongTitle.3
SUNWdtma DtMmdbSectionGetShortTitle.3
SUNWdtma DtMmdbSectionGetStyleSheetId.3
SUNWdtma DtMmdbSectionGetTocLoc.3
SUNWdtma DtMmdbStylesheetGetData.3
SUNWdtma DtMmdbStylesheetGetName.3
SUNWdtma DtMmdbTocGetChildIds.3
SUNWdtma DtMmdbTocGetNumOfChildren.3
SUNWdtma DtMmdbTocGetParentId.3
SUNWdtma DtMrm.5
SUNWdtma DtMrmInitialize.3
SUNWdtma DtMsgLog.5
SUNWdtma DtMsgLogMessage.3
SUNWdtma DtMsgLogOpenFile.3
SUNWdtma DtMsgLogSetHandler.3
SUNWdtma dtpad.1
SUNWdtma dtpdm.1
SUNWdtma dtpdmd.1
SUNWdtma dtpmfile.4
SUNWdtma DtPrint.5
SUNWdtma DtPrintCopySetupData.3
SUNWdtma DtPrintFillSetupData.3
SUNWdtma DtPrintFreeSetupData.3
SUNWdtma dtprintinfo.1
SUNWdtma dtprintinfoaction.5
SUNWdtma DtPrintResetConnection.3
SUNWdtma DtPrintSetupBox.3
SUNWdtma DtPrintSetupProc.3
SUNWdtma dtresourcesfile.4
SUNWdtma DtSaver.5
SUNWdtma DtSaverGetWindows.3
SUNWdtma dtscreen.1
SUNWdtma dtsdldtd.4
SUNWdtma dtsdlfile.4
SUNWdtma DtSearch.5
SUNWdtma DtSearchAddMessage.3
SUNWdtma DtSearchExit.3
SUNWdtma DtSearchFreeMessages.3
SUNWdtma DtSearchFreeResults.3
SUNWdtma DtSearchGetKeytypes.3
SUNWdtma DtSearchGetMaxResults.3
SUNWdtma DtSearchGetMessages.3
SUNWdtma DtSearchHasMessages.3
SUNWdtma DtSearchHighlight.3
SUNWdtma DtSearchInit.3
SUNWdtma DtSearchMergeResults.3
SUNWdtma dtsearchpath.1
SUNWdtma DtSearchQuery.3
SUNWdtma DtSearchReinit.3
SUNWdtma DtSearchRetrieve.3
SUNWdtma DtSearchSetMaxResults.3
SUNWdtma DtSearchSortResults.3
SUNWdtma DtSearchValidDateString.3
SUNWdtma dtsession_res.1
SUNWdtma dtsession.1
SUNWdtma DtSession.5
SUNWdtma dtsessionaction.5
SUNWdtma dtsessiondb.4
SUNWdtma dtsessionfile.4
SUNWdtma DtSessionRestorePath.3
SUNWdtma DtSessionSavePath.3
SUNWdtma dtspcd.1m
SUNWdtma dtspcdenv.4
SUNWdtma DtSpinBox.3
SUNWdtma DtSpinBox.5
SUNWdtma DtSpinBoxAddItem.3
SUNWdtma DtSpinBoxDeletePos.3
SUNWdtma DtSpinBoxSetItem.3
SUNWdtma DtSrAPI.3
SUNWdtma dtsrcreate.1
SUNWdtma dtsrdbfiles.4
SUNWdtma dtsrdbrec.1
SUNWdtma dtsrfzkfiles.4
SUNWdtma dtsrhan.1
SUNWdtma dtsrhanfile.4
SUNWdtma dtsrindex.1
SUNWdtma dtsrkdump.1
SUNWdtma dtsrlangfiles.4
SUNWdtma dtsrload.1
SUNWdtma dtsrocffile.4
SUNWdtma DtStdAppFontNames.5
SUNWdtma DtStdInterfaceFontNames.5
SUNWdtma dtstyle.1
SUNWdtma dtstyleaction.5
SUNWdtma dtterm.1
SUNWdtma DtTerm.3
SUNWdtma dtterm.5
SUNWdtma DtTerm.5
SUNWdtma dttermaction.5
SUNWdtma DtTermDisplaySend.3
SUNWdtma DtTermInitialize.3
SUNWdtma DtTermSubprocReap.3
SUNWdtma DtTermSubprocSend.3
SUNWdtma dttextaction.5
SUNWdtma dttrashaction.5
SUNWdtma dttypes.1
SUNWdtma dtudcexch.1
SUNWdtma dtudcfonted.1
SUNWdtma dtwm.1
SUNWdtma dtwmrc.4
SUNWdtma DtWsm.5
SUNWdtma DtWsmAddCurrentWorkspaceCallback.3
SUNWdtma DtWsmAddWorkspace.3
SUNWdtma DtWsmAddWorkspaceFunctions.3
SUNWdtma DtWsmAddWorkspaceModifiedCallback.3
SUNWdtma DtWsmChangeBackdrop.3
SUNWdtma DtWsmDeleteWorkspace.3
SUNWdtma DtWsmFreeWorkspaceInfo.3
SUNWdtma DtWsmGetCurrentBackdropWindow.3
SUNWdtma DtWsmGetCurrentWorkspace.3
SUNWdtma DtWsmGetWorkspaceInfo.3
SUNWdtma DtWsmGetWorkspaceList.3
SUNWdtma DtWsmGetWorkspacesOccupied.3
SUNWdtma DtWsmOccupyAllWorkspaces.3
SUNWdtma DtWsmRemoveWorkspaceCallback.3
SUNWdtma DtWsmRemoveWorkspaceFunctions.3
SUNWdtma DtWsmSetCurrentWorkspace.3
SUNWdtma DtWsmSetWorkspacesOccupied.3
SUNWdtma DtWsmSetWorkspaceTitle.3
SUNWdtma Edit.4
SUNWdtma Get_Environment.4
SUNWdtma Get_Geometry.4
SUNWdtma Get_Iconified.4
SUNWdtma Get_Locale.4
SUNWdtma Get_Mapped.4
SUNWdtma Get_Modified.4
SUNWdtma Get_Situation.4
SUNWdtma Get_Status.4
SUNWdtma Get_Sysinfo.4
SUNWdtma Get_XInfo.4
SUNWdtma huffcode.1
SUNWdtma Instantiate.4
SUNWdtma ksh.1
SUNWdtma Lower.4
SUNWdtma Mail.4
SUNWdtma man1m
SUNWdtma man4
SUNWdtma man5
SUNWdtma man6
SUNWdtma Modified.4
SUNWdtma mt-libtt-intro.4
SUNWdtma Pause.4
SUNWdtma Print.4
SUNWdtma Quit.4
SUNWdtma Raise.4
SUNWdtma Resume.4
SUNWdtma Revert.4
SUNWdtma Reverted.4
SUNWdtma rpc.cmsd.1m
SUNWdtma Save.4
SUNWdtma Saved.4
SUNWdtma Set_Environment.4
SUNWdtma Set_Geometry.4
SUNWdtma Set_Iconified.4
SUNWdtma Set_Locale.4
SUNWdtma Set_Mapped.4
SUNWdtma Set_Situation.4
SUNWdtma Signal.4
SUNWdtma Started.4
SUNWdtma startlog.4
SUNWdtma Status.4
SUNWdtma Stopped.4
SUNWdtma Translate.4
SUNWdtma tt_bcontext_join.3
SUNWdtma tt_bcontext_quit.3
SUNWdtma tt_close.3
SUNWdtma tt_context_join.3
SUNWdtma tt_context_quit.3
SUNWdtma tt_default_file_set.3
SUNWdtma tt_default_file.3
SUNWdtma tt_default_procid_set.3
SUNWdtma tt_default_procid.3
SUNWdtma tt_default_ptype_set.3
SUNWdtma tt_default_ptype.3
SUNWdtma tt_default_session_set.3
SUNWdtma tt_default_session.3
SUNWdtma tt_error_int.3
SUNWdtma tt_error_pointer.3
SUNWdtma tt_error.3
SUNWdtma tt_fd.3
SUNWdtma tt_feature_enabled.3
SUNWdtma tt_feature_required.3
SUNWdtma tt_file_copy.3
SUNWdtma tt_file_destroy.3
SUNWdtma tt_file_join.3
SUNWdtma tt_file_move.3
SUNWdtma tt_file_netfile.3
SUNWdtma tt_file_objects_query.3
SUNWdtma tt_file_quit.3
SUNWdtma tt_free.3
SUNWdtma tt_host_file_netfile.3
SUNWdtma tt_host_netfile_file.3
SUNWdtma tt_icontext_join.3
SUNWdtma tt_icontext_quit.3
SUNWdtma tt_initial_session.3
SUNWdtma tt_int_error.3
SUNWdtma tt_is_err.3
SUNWdtma tt_malloc.3
SUNWdtma tt_mark.3
SUNWdtma tt_message_abstainer.3
SUNWdtma tt_message_abstainers_count.3
SUNWdtma tt_message_accept.3
SUNWdtma tt_message_accepter.3
SUNWdtma tt_message_accepters_count.3
SUNWdtma tt_message_address_set.3
SUNWdtma tt_message_address.3
SUNWdtma tt_message_arg_add.3
SUNWdtma tt_message_arg_bval_set.3
SUNWdtma tt_message_arg_bval.3
SUNWdtma tt_message_arg_ival_set.3
SUNWdtma tt_message_arg_ival.3
SUNWdtma tt_message_arg_mode.3
SUNWdtma tt_message_arg_type.3
SUNWdtma tt_message_arg_val_set.3
SUNWdtma tt_message_arg_val.3
SUNWdtma tt_message_arg_xval_set.3
SUNWdtma tt_message_arg_xval.3
SUNWdtma tt_message_args_count.3
SUNWdtma tt_message_barg_add.3
SUNWdtma tt_message_bcontext_set.3
SUNWdtma tt_message_callback_add.3
SUNWdtma tt_message_class_set.3
SUNWdtma tt_message_class.3
SUNWdtma tt_message_context_bval.3
SUNWdtma tt_message_context_ival.3
SUNWdtma tt_message_context_set.3
SUNWdtma tt_message_context_slotname.3
SUNWdtma tt_message_context_val.3
SUNWdtma tt_message_context_xval.3
SUNWdtma tt_message_contexts_count.3
SUNWdtma tt_message_create_super.3
SUNWdtma tt_message_create.3
SUNWdtma tt_message_destroy.3
SUNWdtma tt_message_disposition_set.3
SUNWdtma tt_message_disposition.3
SUNWdtma tt_message_fail.3
SUNWdtma tt_message_file_set.3
SUNWdtma tt_message_file.3
SUNWdtma tt_message_gid.3
SUNWdtma tt_message_handler_ptype_set.3
SUNWdtma tt_message_handler_ptype.3
SUNWdtma tt_message_handler_set.3
SUNWdtma tt_message_handler.3
SUNWdtma tt_message_iarg_add.3
SUNWdtma tt_message_icontext_set.3
SUNWdtma tt_message_id.3
SUNWdtma tt_message_object_set.3
SUNWdtma tt_message_object.3
SUNWdtma tt_message_op_set.3
SUNWdtma tt_message_op.3
SUNWdtma tt_message_opnum.3
SUNWdtma tt_message_otype_set.3
SUNWdtma tt_message_otype.3
SUNWdtma tt_message_pattern.3
SUNWdtma tt_message_print.3
SUNWdtma tt_message_receive.3
SUNWdtma tt_message_reject.3
SUNWdtma tt_message_rejecter.3
SUNWdtma tt_message_rejecters_count.3
SUNWdtma tt_message_reply.3
SUNWdtma tt_message_scope_set.3
SUNWdtma tt_message_scope.3
SUNWdtma tt_message_send_on_exit.3
SUNWdtma tt_message_send.3
SUNWdtma tt_message_sender_ptype_set.3
SUNWdtma tt_message_sender_ptype.3
SUNWdtma tt_message_sender.3
SUNWdtma tt_message_session_set.3
SUNWdtma tt_message_session.3
SUNWdtma tt_message_state.3
SUNWdtma tt_message_status_set.3
SUNWdtma tt_message_status_string_set.3
SUNWdtma tt_message_status_string.3
SUNWdtma tt_message_status.3
SUNWdtma tt_message_uid.3
SUNWdtma tt_message_user_set.3
SUNWdtma tt_message_user.3
SUNWdtma tt_message_xarg_add.3
SUNWdtma tt_message_xcontext_set.3
SUNWdtma tt_netfile_file.3
SUNWdtma tt_objid_equal.3
SUNWdtma tt_objid_objkey.3
SUNWdtma tt_onotice_create.3
SUNWdtma tt_open.3
SUNWdtma tt_orequest_create.3
SUNWdtma tt_otype_base.3
SUNWdtma tt_otype_derived.3
SUNWdtma tt_otype_deriveds_count.3
SUNWdtma tt_otype_hsig_arg_mode.3
SUNWdtma tt_otype_hsig_arg_type.3
SUNWdtma tt_otype_hsig_args_count.3
SUNWdtma tt_otype_hsig_count.3
SUNWdtma tt_otype_hsig_op.3
SUNWdtma tt_otype_is_derived.3
SUNWdtma tt_otype_opnum_callback_add.3
SUNWdtma tt_otype_osig_arg_mode.3
SUNWdtma tt_otype_osig_arg_type.3
SUNWdtma tt_otype_osig_args_count.3
SUNWdtma tt_otype_osig_count.3
SUNWdtma tt_otype_osig_op.3
SUNWdtma tt_pattern_address_add.3
SUNWdtma tt_pattern_arg_add.3
SUNWdtma tt_pattern_barg_add.3
SUNWdtma tt_pattern_bcontext_add.3
SUNWdtma tt_pattern_callback_add.3
SUNWdtma tt_pattern_category_set.3
SUNWdtma tt_pattern_category.3
SUNWdtma tt_pattern_class_add.3
SUNWdtma tt_pattern_context_add.3
SUNWdtma tt_pattern_create.3
SUNWdtma tt_pattern_destroy.3
SUNWdtma tt_pattern_disposition_add.3
SUNWdtma tt_pattern_file_add.3
SUNWdtma tt_pattern_iarg_add.3
SUNWdtma tt_pattern_icontext_add.3
SUNWdtma tt_pattern_object_add.3
SUNWdtma tt_pattern_op_add.3
SUNWdtma tt_pattern_opnum_add.3
SUNWdtma tt_pattern_otype_add.3
SUNWdtma tt_pattern_print.3
SUNWdtma tt_pattern_register.3
SUNWdtma tt_pattern_scope_add.3
SUNWdtma tt_pattern_sender_add.3
SUNWdtma tt_pattern_sender_ptype_add.3
SUNWdtma tt_pattern_session_add.3
SUNWdtma tt_pattern_state_add.3
SUNWdtma tt_pattern_unregister.3
SUNWdtma tt_pattern_user_set.3
SUNWdtma tt_pattern_user.3
SUNWdtma tt_pattern_xarg_add.3
SUNWdtma tt_pattern_xcontext_add.3
SUNWdtma tt_pnotice_create.3
SUNWdtma tt_pointer_error.3
SUNWdtma tt_prequest_create.3
SUNWdtma tt_procid_session.3
SUNWdtma tt_ptr_error.3
SUNWdtma tt_ptype_declare.3
SUNWdtma tt_ptype_exists.3
SUNWdtma tt_ptype_opnum_callback_add.3
SUNWdtma tt_ptype_undeclare.3
SUNWdtma tt_release.3
SUNWdtma tt_session_bprop_add.3
SUNWdtma tt_session_bprop_set.3
SUNWdtma tt_session_bprop.3
SUNWdtma tt_session_join.3
SUNWdtma tt_session_prop_add.3
SUNWdtma tt_session_prop_count.3
SUNWdtma tt_session_prop_set.3
SUNWdtma tt_session_prop.3
SUNWdtma tt_session_propname.3
SUNWdtma tt_session_propnames_count.3
SUNWdtma tt_session_quit.3
SUNWdtma tt_session_types_load.3
SUNWdtma tt_spec_bprop_add.3
SUNWdtma tt_spec_bprop_set.3
SUNWdtma tt_spec_bprop.3
SUNWdtma tt_spec_create.3
SUNWdtma tt_spec_destroy.3
SUNWdtma tt_spec_file.3
SUNWdtma tt_spec_move.3
SUNWdtma tt_spec_prop_add.3
SUNWdtma tt_spec_prop_count.3
SUNWdtma tt_spec_prop_set.3
SUNWdtma tt_spec_prop.3
SUNWdtma tt_spec_propname.3
SUNWdtma tt_spec_propnames_count.3
SUNWdtma tt_spec_type_set.3
SUNWdtma tt_spec_type.3
SUNWdtma tt_spec_write.3
SUNWdtma tt_status_message.3
SUNWdtma tt_thread_procid_set.3
SUNWdtma tt_thread_procid.3
SUNWdtma tt_thread_session_set.3
SUNWdtma tt_thread_session.3
SUNWdtma tt_trace_control.3
SUNWdtma tt_type_comp.1
SUNWdtma tt_X_session.3
SUNWdtma tt_xcontext_join.3
SUNWdtma tt_xcontext_quit.3
SUNWdtma ttauth.1
SUNWdtma ttcp.1
SUNWdtma ttdbck.1m
SUNWdtma ttdbserver.1m
SUNWdtma ttdbserverd.1m
SUNWdtma ttdt_close.3
SUNWdtma ttdt_file_event.3
SUNWdtma ttdt_file_join.3
SUNWdtma ttdt_file_notice.3
SUNWdtma ttdt_file_quit.3
SUNWdtma ttdt_file_request.3
SUNWdtma ttdt_Get_Modified.3
SUNWdtma ttdt_message_accept.3
SUNWdtma ttdt_open.3
SUNWdtma ttdt_Revert.3
SUNWdtma ttdt_Save.3
SUNWdtma ttdt_sender_imprint_on.3
SUNWdtma ttdt_session_join.3
SUNWdtma ttdt_session_quit.3
SUNWdtma ttdt_subcontract_manage.3
SUNWdtma ttmedia_Deposit.3
SUNWdtma ttmedia_load_reply.3
SUNWdtma ttmedia_load.3
SUNWdtma ttmedia_ptype_declare.3
SUNWdtma ttmv.1
SUNWdtma ttrm.1
SUNWdtma ttrmdir.1
SUNWdtma ttsession.1
SUNWdtma ttsnoop.6
SUNWdtma tttar.1
SUNWdtma tttk_block_while.3
SUNWdtma tttk_message_abandon.3
SUNWdtma tttk_message_create.3
SUNWdtma tttk_message_destroy.3
SUNWdtma tttk_message_fail.3
SUNWdtma tttk_message_reject.3
SUNWdtma tttk_op_string.3
SUNWdtma tttk_string_op.3
SUNWdtma tttk_Xt_input_handler.3
SUNWdtma tttrace.1
SUNWdtma tttracefile.4
SUNWdtma Tttt_c.5
SUNWdtma Tttttk.5
SUNWdtwm Ankh.bm
SUNWdtwm backdrops
SUNWdtwm Background.bm
SUNWdtwm BrickWall.bm
SUNWdtwm Concave.pm
SUNWdtwm Convex.pm
SUNWdtwm Corduroy.pm
SUNWdtwm Crochet.pm
SUNWdtwm dtfplist
SUNWdtwm dtsession_res
SUNWdtwm dtsession.cat
SUNWdtwm dtwm
SUNWdtwm Dtwm
SUNWdtwm dtwm.cat
SUNWdtwm dtwm.fp
SUNWdtwm Foreground.bm
SUNWdtwm InlayColor.pm
SUNWdtwm InlayPlain.pm
SUNWdtwm KnitLight.pm
SUNWdtwm Lattice.pm
SUNWdtwm LatticeBig.pm
SUNWdtwm Leaves.pm
SUNWdtwm NoBackdrop.pm
SUNWdtwm OldChars.pm
SUNWdtwm Paver.pm
SUNWdtwm Pebbles.pm
SUNWdtwm PinStripe.pm
SUNWdtwm RakedSand.bm
SUNWdtwm RicePaper.pm
SUNWdtwm SkyDark.pm
SUNWdtwm SkyLight.pm
SUNWdtwm Sprinkles.pm
SUNWdtwm SunLogo.pm
SUNWdtwm sys.dtwmrc
SUNWdtwm Toronto.bm
SUNWdtwm usr/dt/bin/dtsession
SUNWdtwm usr/dt/share/backdrops/desc.C
SUNWdtwm usr/dt/share/backdrops/desc.de_DE.UTF-8
SUNWdtwm usr/dt/share/backdrops/desc.es_ES.UTF-8
SUNWdtwm usr/dt/share/backdrops/desc.fr_FR.UTF-8
SUNWdtwm usr/dt/share/backdrops/desc.it_IT.UTF-8
SUNWdtwm WaterDrops.pm
SUNWdtwm Wooly.pm
SUNWmfman man3
SUNWmfman usr/dt/man
SUNWmfrun usr/dt/include
SUNWmfrun Xm.cat
SUNWtltk libtt.so.2
SUNWtltk libtt.so.2.1
SUNWtltk rpc.ttdbserver
SUNWtltk rpc.ttdbserverd
SUNWtltk SUNW_TOOLTALK.cat
SUNWtltk Tt
SUNWtltk tt_c.h
SUNWtltk tt_type_comp
SUNWtltk ttauth
SUNWtltk ttcp
SUNWtltk ttdbck
SUNWtltk ttmv
SUNWtltk ttrm
SUNWtltk ttrmdir
SUNWtltk ttsession
SUNWtltk tttar
SUNWtltk tttk.h
SUNWtltk tttrace
